Archive member included to satisfy reference by file (symbol)

/Users/dborn/Library/Application Support/Code/User/globalStorage/bmd.stm32-for-vscode/@xpack-dev-tools/arm-none-eabi-gcc/10.2.1-1.1.2/.content/bin/../lib/gcc/arm-none-eabi/10.2.1/../../../../arm-none-eabi/lib/thumb/v7-m/nofp/libc.a(lib_a-exit.o)
                              /Users/dborn/Library/Application Support/Code/User/globalStorage/bmd.stm32-for-vscode/@xpack-dev-tools/arm-none-eabi-gcc/10.2.1-1.1.2/.content/bin/../lib/gcc/arm-none-eabi/10.2.1/../../../../arm-none-eabi/lib/thumb/v7-m/nofp/crt0.o (exit)
/Users/dborn/Library/Application Support/Code/User/globalStorage/bmd.stm32-for-vscode/@xpack-dev-tools/arm-none-eabi-gcc/10.2.1-1.1.2/.content/bin/../lib/gcc/arm-none-eabi/10.2.1/../../../../arm-none-eabi/lib/thumb/v7-m/nofp/libc.a(lib_a-impure.o)
                              /Users/dborn/Library/Application Support/Code/User/globalStorage/bmd.stm32-for-vscode/@xpack-dev-tools/arm-none-eabi-gcc/10.2.1-1.1.2/.content/bin/../lib/gcc/arm-none-eabi/10.2.1/../../../../arm-none-eabi/lib/thumb/v7-m/nofp/libc.a(lib_a-exit.o) (_global_impure_ptr)
/Users/dborn/Library/Application Support/Code/User/globalStorage/bmd.stm32-for-vscode/@xpack-dev-tools/arm-none-eabi-gcc/10.2.1-1.1.2/.content/bin/../lib/gcc/arm-none-eabi/10.2.1/../../../../arm-none-eabi/lib/thumb/v7-m/nofp/libc.a(lib_a-init.o)
                              /Users/dborn/Library/Application Support/Code/User/globalStorage/bmd.stm32-for-vscode/@xpack-dev-tools/arm-none-eabi-gcc/10.2.1-1.1.2/.content/bin/../lib/gcc/arm-none-eabi/10.2.1/../../../../arm-none-eabi/lib/thumb/v7-m/nofp/crt0.o (__libc_init_array)
/Users/dborn/Library/Application Support/Code/User/globalStorage/bmd.stm32-for-vscode/@xpack-dev-tools/arm-none-eabi-gcc/10.2.1-1.1.2/.content/bin/../lib/gcc/arm-none-eabi/10.2.1/../../../../arm-none-eabi/lib/thumb/v7-m/nofp/libc.a(lib_a-memcpy.o)
                              build/queue.o (memcpy)
/Users/dborn/Library/Application Support/Code/User/globalStorage/bmd.stm32-for-vscode/@xpack-dev-tools/arm-none-eabi-gcc/10.2.1-1.1.2/.content/bin/../lib/gcc/arm-none-eabi/10.2.1/../../../../arm-none-eabi/lib/thumb/v7-m/nofp/libc.a(lib_a-memset.o)
                              /Users/dborn/Library/Application Support/Code/User/globalStorage/bmd.stm32-for-vscode/@xpack-dev-tools/arm-none-eabi-gcc/10.2.1-1.1.2/.content/bin/../lib/gcc/arm-none-eabi/10.2.1/../../../../arm-none-eabi/lib/thumb/v7-m/nofp/crt0.o (memset)
/Users/dborn/Library/Application Support/Code/User/globalStorage/bmd.stm32-for-vscode/@xpack-dev-tools/arm-none-eabi-gcc/10.2.1-1.1.2/.content/bin/../lib/gcc/arm-none-eabi/10.2.1/../../../../arm-none-eabi/lib/thumb/v7-m/nofp/libc.a(lib_a-__call_atexit.o)
                              /Users/dborn/Library/Application Support/Code/User/globalStorage/bmd.stm32-for-vscode/@xpack-dev-tools/arm-none-eabi-gcc/10.2.1-1.1.2/.content/bin/../lib/gcc/arm-none-eabi/10.2.1/../../../../arm-none-eabi/lib/thumb/v7-m/nofp/libc.a(lib_a-exit.o) (__call_exitprocs)
/Users/dborn/Library/Application Support/Code/User/globalStorage/bmd.stm32-for-vscode/@xpack-dev-tools/arm-none-eabi-gcc/10.2.1-1.1.2/.content/bin/../lib/gcc/arm-none-eabi/10.2.1/../../../../arm-none-eabi/lib/thumb/v7-m/nofp/libc.a(lib_a-atexit.o)
                              /Users/dborn/Library/Application Support/Code/User/globalStorage/bmd.stm32-for-vscode/@xpack-dev-tools/arm-none-eabi-gcc/10.2.1-1.1.2/.content/bin/../lib/gcc/arm-none-eabi/10.2.1/../../../../arm-none-eabi/lib/thumb/v7-m/nofp/libc.a(lib_a-__call_atexit.o) (atexit)
/Users/dborn/Library/Application Support/Code/User/globalStorage/bmd.stm32-for-vscode/@xpack-dev-tools/arm-none-eabi-gcc/10.2.1-1.1.2/.content/bin/../lib/gcc/arm-none-eabi/10.2.1/../../../../arm-none-eabi/lib/thumb/v7-m/nofp/libc.a(lib_a-fini.o)
                              /Users/dborn/Library/Application Support/Code/User/globalStorage/bmd.stm32-for-vscode/@xpack-dev-tools/arm-none-eabi-gcc/10.2.1-1.1.2/.content/bin/../lib/gcc/arm-none-eabi/10.2.1/../../../../arm-none-eabi/lib/thumb/v7-m/nofp/libc.a(lib_a-__call_atexit.o) (__libc_fini_array)
/Users/dborn/Library/Application Support/Code/User/globalStorage/bmd.stm32-for-vscode/@xpack-dev-tools/arm-none-eabi-gcc/10.2.1-1.1.2/.content/bin/../lib/gcc/arm-none-eabi/10.2.1/../../../../arm-none-eabi/lib/thumb/v7-m/nofp/libc.a(lib_a-lock.o)
                              /Users/dborn/Library/Application Support/Code/User/globalStorage/bmd.stm32-for-vscode/@xpack-dev-tools/arm-none-eabi-gcc/10.2.1-1.1.2/.content/bin/../lib/gcc/arm-none-eabi/10.2.1/../../../../arm-none-eabi/lib/thumb/v7-m/nofp/libc.a(lib_a-__call_atexit.o) (__retarget_lock_acquire_recursive)
/Users/dborn/Library/Application Support/Code/User/globalStorage/bmd.stm32-for-vscode/@xpack-dev-tools/arm-none-eabi-gcc/10.2.1-1.1.2/.content/bin/../lib/gcc/arm-none-eabi/10.2.1/../../../../arm-none-eabi/lib/thumb/v7-m/nofp/libc.a(lib_a-__atexit.o)
[...]
Memory Configuration

Name             Origin             Length             Attributes
RAM              0x0000000020000000 0x0000000000010000 xrw
FLASH            0x0000000008000000 0x0000000000040000 xr
*default*        0x0000000000000000 0xffffffffffffffff

Linker script and memory map

LOAD /Users/dborn/Library/Application Support/Code/User/globalStorage/bmd.stm32-for-vscode/@xpack-dev-tools/arm-none-eabi-gcc/10.2.1-1.1.2/.content/bin/../lib/gcc/arm-none-eabi/10.2.1/thumb/v7-m/nofp/crti.o
LOAD /Users/dborn/Library/Application Support/Code/User/globalStorage/bmd.stm32-for-vscode/@xpack-dev-tools/arm-none-eabi-gcc/10.2.1-1.1.2/.content/bin/../lib/gcc/arm-none-eabi/10.2.1/thumb/v7-m/nofp/crtbegin.o
LOAD /Users/dborn/Library/Application Support/Code/User/globalStorage/bmd.stm32-for-vscode/@xpack-dev-tools/arm-none-eabi-gcc/10.2.1-1.1.2/.content/bin/../lib/gcc/arm-none-eabi/10.2.1/../../../../arm-none-eabi/lib/thumb/v7-m/nofp/crt0.o
LOAD build/freertos.o
LOAD build/main.o
LOAD build/stm32f1xx_hal_msp.o
LOAD build/stm32f1xx_hal_timebase_tim.o
LOAD build/stm32f1xx_it.o
LOAD build/system_stm32f1xx.o
LOAD build/stm32f1xx_hal.o
LOAD build/stm32f1xx_hal_cortex.o
LOAD build/stm32f1xx_hal_dma.o
LOAD build/stm32f1xx_hal_exti.o
LOAD build/stm32f1xx_hal_flash.o
LOAD build/stm32f1xx_hal_flash_ex.o
LOAD build/stm32f1xx_hal_gpio.o
LOAD build/stm32f1xx_hal_gpio_ex.o
LOAD build/stm32f1xx_hal_pwr.o
LOAD build/stm32f1xx_hal_rcc.o
LOAD build/stm32f1xx_hal_rcc_ex.o
LOAD build/stm32f1xx_hal_tim.o
LOAD build/stm32f1xx_hal_tim_ex.o
LOAD build/cmsis_os.o
LOAD build/croutine.o
LOAD build/event_groups.o
LOAD build/list.o
LOAD build/port.o
LOAD build/heap_4.o
LOAD build/queue.o
LOAD build/stream_buffer.o
LOAD build/tasks.o
LOAD build/timers.o
LOAD build/startup_stm32f107xc.o
LOAD /Users/dborn/Library/Application Support/Code/User/globalStorage/bmd.stm32-for-vscode/@xpack-dev-tools/arm-none-eabi-gcc/10.2.1-1.1.2/.content/bin/../lib/gcc/arm-none-eabi/10.2.1/../../../../arm-none-eabi/lib/thumb/v7-m/nofp/libc.a
LOAD /Users/dborn/Library/Application Support/Code/User/globalStorage/bmd.stm32-for-vscode/@xpack-dev-tools/arm-none-eabi-gcc/10.2.1-1.1.2/.content/bin/../lib/gcc/arm-none-eabi/10.2.1/../../../../arm-none-eabi/lib/thumb/v7-m/nofp/libm.a
LOAD /Users/dborn/Library/Application Support/Code/User/globalStorage/bmd.stm32-for-vscode/@xpack-dev-tools/arm-none-eabi-gcc/10.2.1-1.1.2/.content/bin/../lib/gcc/arm-none-eabi/10.2.1/../../../../arm-none-eabi/lib/thumb/v7-m/nofp/libnosys.a
START GROUP
LOAD /Users/dborn/Library/Application Support/Code/User/globalStorage/bmd.stm32-for-vscode/@xpack-dev-tools/arm-none-eabi-gcc/10.2.1-1.1.2/.content/bin/../lib/gcc/arm-none-eabi/10.2.1/thumb/v7-m/nofp/libgcc.a
LOAD /Users/dborn/Library/Application Support/Code/User/globalStorage/bmd.stm32-for-vscode/@xpack-dev-tools/arm-none-eabi-gcc/10.2.1-1.1.2/.content/bin/../lib/gcc/arm-none-eabi/10.2.1/../../../../arm-none-eabi/lib/thumb/v7-m/nofp/libc.a
END GROUP
START GROUP
LOAD /Users/dborn/Library/Application Support/Code/User/globalStorage/bmd.stm32-for-vscode/@xpack-dev-tools/arm-none-eabi-gcc/10.2.1-1.1.2/.content/bin/../lib/gcc/arm-none-eabi/10.2.1/thumb/v7-m/nofp/libgcc.a
LOAD /Users/dborn/Library/Application Support/Code/User/globalStorage/bmd.stm32-for-vscode/@xpack-dev-tools/arm-none-eabi-gcc/10.2.1-1.1.2/.content/bin/../lib/gcc/arm-none-eabi/10.2.1/../../../../arm-none-eabi/lib/thumb/v7-m/nofp/libc.a
LOAD /Users/dborn/Library/Application Support/Code/User/globalStorage/bmd.stm32-for-vscode/@xpack-dev-tools/arm-none-eabi-gcc/10.2.1-1.1.2/.content/bin/../lib/gcc/arm-none-eabi/10.2.1/../../../../arm-none-eabi/lib/thumb/v7-m/nofp/libnosys.a
END GROUP
LOAD /Users/dborn/Library/Application Support/Code/User/globalStorage/bmd.stm32-for-vscode/@xpack-dev-tools/arm-none-eabi-gcc/10.2.1-1.1.2/.content/bin/../lib/gcc/arm-none-eabi/10.2.1/thumb/v7-m/nofp/crtend.o
LOAD /Users/dborn/Library/Application Support/Code/User/globalStorage/bmd.stm32-for-vscode/@xpack-dev-tools/arm-none-eabi-gcc/10.2.1-1.1.2/.content/bin/../lib/gcc/arm-none-eabi/10.2.1/thumb/v7-m/nofp/crtn.o
                0x0000000020010000                _estack = 0x20010000
                0x0000000000000200                _Min_Heap_Size = 0x200
                0x0000000000000400                _Min_Stack_Size = 0x400

.isr_vector     0x0000000008000000      0x1e4
                0x0000000008000000                . = ALIGN (0x4)
 *(.isr_vector)
 .isr_vector    0x0000000008000000      0x1e4 build/startup_stm32f107xc.o
                0x0000000008000000                g_pfnVectors
                0x00000000080001e4                . = ALIGN (0x4)

.text           0x00000000080001f0     0x3360
                0x00000000080001f0                . = ALIGN (0x4)
 *(.text)
 .text          0x00000000080001f0       0xec /Users/dborn/Library/Application Support/Code/User/globalStorage/bmd.stm32-for-vscode/@xpack-dev-tools/arm-none-eabi-gcc/10.2.1-1.1.2/.content/bin/../lib/gcc/arm-none-eabi/10.2.1/../../../../arm-none-eabi/lib/thumb/v7-m/nofp/libc.a(lib_a-memcpy.o)
                0x00000000080001f0                memcpy
 .text          0x00000000080002dc       0x30 /Users/dborn/Library/Application Support/Code/User/globalStorage/bmd.stm32-for-vscode/@xpack-dev-tools/arm-none-eabi-gcc/10.2.1-1.1.2/.content/bin/../lib/gcc/arm-none-eabi/10.2.1/thumb/v7-m/nofp/libgcc.a(_aeabi_uldivmod.o)
                0x00000000080002dc                __aeabi_uldivmod
 .text          0x000000000800030c      0x1ac /Users/dborn/Library/Application Support/Code/User/globalStorage/bmd.stm32-for-vscode/@xpack-dev-tools/arm-none-eabi-gcc/10.2.1-1.1.2/.content/bin/../lib/gcc/arm-none-eabi/10.2.1/thumb/v7-m/nofp/libgcc.a(libunwind.o)
                0x000000000800030c                __restore_core_regs
                0x000000000800030c                restore_core_regs
                0x0000000008000324                __gnu_Unwind_Restore_VFP
                0x000000000800032c                __gnu_Unwind_Save_VFP
                0x0000000008000334                __gnu_Unwind_Restore_VFP_D
                0x000000000800033c                __gnu_Unwind_Save_VFP_D
                0x0000000008000344                __gnu_Unwind_Restore_VFP_D_16_to_31
                0x000000000800034c                __gnu_Unwind_Save_VFP_D_16_to_31
                0x0000000008000354                __gnu_Unwind_Restore_WMMXD
                0x0000000008000398                __gnu_Unwind_Save_WMMXD
                0x00000000080003dc                __gnu_Unwind_Restore_WMMXC
                0x00000000080003f0                __gnu_Unwind_Save_WMMXC
                0x0000000008000404                _Unwind_RaiseException
                0x0000000008000404                ___Unwind_RaiseException
                0x0000000008000428                ___Unwind_Resume
                0x0000000008000428                _Unwind_Resume
                0x000000000800044c                ___Unwind_Resume_or_Rethrow
                0x000000000800044c                _Unwind_Resume_or_Rethrow
                0x0000000008000470                _Unwind_ForcedUnwind
                0x0000000008000470                ___Unwind_ForcedUnwind
                0x0000000008000494                _Unwind_Backtrace
                0x0000000008000494                ___Unwind_Backtrace
 .text          0x00000000080004b8        0x4 /Users/dborn/Library/Application Support/Code/User/globalStorage/bmd.stm32-for-vscode/@xpack-dev-tools/arm-none-eabi-gcc/10.2.1-1.1.2/.content/bin/../lib/gcc/arm-none-eabi/10.2.1/thumb/v7-m/nofp/libgcc.a(_dvmd_tls.o)
                0x00000000080004b8                __aeabi_ldiv0
                0x00000000080004b8                __aeabi_idiv0
 *(.text*)
 .text.__do_global_dtors_aux
                0x00000000080004bc       0x24 /Users/dborn/Library/Application Support/Code/User/globalStorage/bmd.stm32-for-vscode/@xpack-dev-tools/arm-none-eabi-gcc/10.2.1-1.1.2/.content/bin/../lib/gcc/arm-none-eabi/10.2.1/thumb/v7-m/nofp/crtbegin.o
 .text.frame_dummy
                0x00000000080004e0       0x1c /Users/dborn/Library/Application Support/Code/User/globalStorage/bmd.stm32-for-vscode/@xpack-dev-tools/arm-none-eabi-gcc/10.2.1-1.1.2/.content/bin/../lib/gcc/arm-none-eabi/10.2.1/thumb/v7-m/nofp/crtbegin.o
 .text.vApplicationGetIdleTaskMemory
                0x00000000080004fc       0x18 build/freertos.o
                0x00000000080004fc                vApplicationGetIdleTaskMemory
 .text.MX_GPIO_Init
                0x0000000008000514       0x88 build/main.o
 .text.TaskButton_init
                0x000000000800059c       0x30 build/main.o
                0x000000000800059c                TaskButton_init
 .text.StartDefaultTask
                0x00000000080005cc       0x18 build/main.o
                0x00000000080005cc                StartDefaultTask
 .text.HAL_TIM_PeriodElapsedCallback
                0x00000000080005e4       0x18 build/main.o
                0x00000000080005e4                HAL_TIM_PeriodElapsedCallback
 .text.Error_Handler
                0x00000000080005fc        0x4 build/main.o
                0x00000000080005fc                Error_Handler
 .text.SystemClock_Config
                0x0000000008000600       0x5c build/main.o
                0x0000000008000600                SystemClock_Config
 .text.main     0x000000000800065c       0x68 build/main.o
                0x000000000800065c                main
 .text.HAL_MspInit
                0x00000000080006c4       0x50 build/stm32f1xx_hal_msp.o
                0x00000000080006c4                HAL_MspInit
 .text.HAL_InitTick
                0x0000000008000714       0x78 build/stm32f1xx_hal_timebase_tim.o
                0x0000000008000714                HAL_InitTick
 .text.NMI_Handler
                0x000000000800078c        0x2 build/stm32f1xx_it.o
                0x000000000800078c                NMI_Handler
 .text.HardFault_Handler
                0x000000000800078e        0x2 build/stm32f1xx_it.o
                0x000000000800078e                HardFault_Handler
 .text.MemManage_Handler
                0x0000000008000790        0x2 build/stm32f1xx_it.o
                0x0000000008000790                MemManage_Handler
 .text.BusFault_Handler
                0x0000000008000792        0x2 build/stm32f1xx_it.o
                0x0000000008000792                BusFault_Handler
 .text.UsageFault_Handler
                0x0000000008000794        0x2 build/stm32f1xx_it.o
                0x0000000008000794                UsageFault_Handler
 .text.DebugMon_Handler
                0x0000000008000796        0x2 build/stm32f1xx_it.o
                0x0000000008000796                DebugMon_Handler
 .text.TIM1_UP_IRQHandler
                0x0000000008000798       0x10 build/stm32f1xx_it.o
                0x0000000008000798                TIM1_UP_IRQHandler
 .text.SystemInit
                0x00000000080007a8        0x2 build/system_stm32f1xx.o
                0x00000000080007a8                SystemInit
 *fill*         0x00000000080007aa        0x2 
 .text.HAL_Init
                0x00000000080007ac       0x24 build/stm32f1xx_hal.o
                0x00000000080007ac                HAL_Init
 .text.HAL_IncTick
                0x00000000080007d0       0x18 build/stm32f1xx_hal.o
                0x00000000080007d0                HAL_IncTick
 .text.HAL_GetTick
                0x00000000080007e8        0xc build/stm32f1xx_hal.o
                0x00000000080007e8                HAL_GetTick
 .text.HAL_NVIC_SetPriorityGrouping
                0x00000000080007f4       0x24 build/stm32f1xx_hal_cortex.o
                0x00000000080007f4                HAL_NVIC_SetPriorityGrouping
 .text.HAL_NVIC_SetPriority
                0x0000000008000818       0x70 build/stm32f1xx_hal_cortex.o
                0x0000000008000818                HAL_NVIC_SetPriority
 .text.HAL_NVIC_EnableIRQ
                0x0000000008000888       0x1c build/stm32f1xx_hal_cortex.o
                0x0000000008000888                HAL_NVIC_EnableIRQ
 .text.HAL_GPIO_Init
                0x00000000080008a4      0x224 build/stm32f1xx_hal_gpio.o
                0x00000000080008a4                HAL_GPIO_Init
 .text.HAL_GPIO_ReadPin
                0x0000000008000ac8        0xe build/stm32f1xx_hal_gpio.o
                0x0000000008000ac8                HAL_GPIO_ReadPin
 .text.HAL_GPIO_WritePin
                0x0000000008000ad6        0xc build/stm32f1xx_hal_gpio.o
                0x0000000008000ad6                HAL_GPIO_WritePin
 .text.HAL_GPIO_TogglePin
                0x0000000008000ae2       0x12 build/stm32f1xx_hal_gpio.o
                0x0000000008000ae2                HAL_GPIO_TogglePin
 .text.RCC_Delay
                0x0000000008000af4       0x2c build/stm32f1xx_hal_rcc.o
 .text.HAL_RCC_OscConfig
                0x0000000008000b20      0x4f4 build/stm32f1xx_hal_rcc.o
                0x0000000008000b20                HAL_RCC_OscConfig
 .text.HAL_RCC_GetSysClockFreq
                0x0000000008001014       0xc0 build/stm32f1xx_hal_rcc.o
                0x0000000008001014                HAL_RCC_GetSysClockFreq
 .text.HAL_RCC_ClockConfig
                0x00000000080010d4      0x16c build/stm32f1xx_hal_rcc.o
                0x00000000080010d4                HAL_RCC_ClockConfig
 .text.HAL_RCC_GetHCLKFreq
                0x0000000008001240        0xc build/stm32f1xx_hal_rcc.o
                0x0000000008001240                HAL_RCC_GetHCLKFreq
 .text.HAL_RCC_GetPCLK2Freq
                0x000000000800124c       0x20 build/stm32f1xx_hal_rcc.o
                0x000000000800124c                HAL_RCC_GetPCLK2Freq
 .text.HAL_RCC_GetClockConfig
                0x000000000800126c       0x3c build/stm32f1xx_hal_rcc.o
                0x000000000800126c                HAL_RCC_GetClockConfig
 .text.HAL_TIM_Base_MspInit
                0x00000000080012a8        0x2 build/stm32f1xx_hal_tim.o
                0x00000000080012a8                HAL_TIM_Base_MspInit
 *fill*         0x00000000080012aa        0x2 
 .text.HAL_TIM_Base_Start_IT
                0x00000000080012ac       0x70 build/stm32f1xx_hal_tim.o
                0x00000000080012ac                HAL_TIM_Base_Start_IT
 .text.HAL_TIM_OC_DelayElapsedCallback
                0x000000000800131c        0x2 build/stm32f1xx_hal_tim.o
                0x000000000800131c                HAL_TIM_OC_DelayElapsedCallback
 .text.HAL_TIM_IC_CaptureCallback
                0x000000000800131e        0x2 build/stm32f1xx_hal_tim.o
                0x000000000800131e                HAL_TIM_IC_CaptureCallback
 .text.HAL_TIM_PWM_PulseFinishedCallback
                0x0000000008001320        0x2 build/stm32f1xx_hal_tim.o
                0x0000000008001320                HAL_TIM_PWM_PulseFinishedCallback
 .text.HAL_TIM_TriggerCallback
                0x0000000008001322        0x2 build/stm32f1xx_hal_tim.o
                0x0000000008001322                HAL_TIM_TriggerCallback
 .text.HAL_TIM_IRQHandler
                0x0000000008001324      0x17a build/stm32f1xx_hal_tim.o
                0x0000000008001324                HAL_TIM_IRQHandler
 *fill*         0x000000000800149e        0x2 
 .text.TIM_Base_SetConfig
                0x00000000080014a0       0x84 build/stm32f1xx_hal_tim.o
                0x00000000080014a0                TIM_Base_SetConfig
 .text.HAL_TIM_Base_Init
                0x0000000008001524       0x58 build/stm32f1xx_hal_tim.o
                0x0000000008001524                HAL_TIM_Base_Init
 .text.HAL_TIMEx_CommutCallback
                0x000000000800157c        0x2 build/stm32f1xx_hal_tim_ex.o
                0x000000000800157c                HAL_TIMEx_CommutCallback
 .text.HAL_TIMEx_BreakCallback
                0x000000000800157e        0x2 build/stm32f1xx_hal_tim_ex.o
                0x000000000800157e                HAL_TIMEx_BreakCallback
 .text.makeFreeRtosPriority
                0x0000000008001580        0xc build/cmsis_os.o
 .text.osKernelStart
                0x000000000800158c        0xa build/cmsis_os.o
                0x000000000800158c                osKernelStart
 .text.osThreadCreate
                0x0000000008001596       0x6a build/cmsis_os.o
                0x0000000008001596                osThreadCreate
 .text.vListInitialise
                0x0000000008001600       0x16 build/list.o
                0x0000000008001600                vListInitialise
 .text.vListInitialiseItem
                0x0000000008001616        0x6 build/list.o
                0x0000000008001616                vListInitialiseItem
 .text.vListInsertEnd
                0x000000000800161c       0x16 build/list.o
                0x000000000800161c                vListInsertEnd
 .text.vListInsert
                0x0000000008001632       0x32 build/list.o
                0x0000000008001632                vListInsert
 .text.uxListRemove
                0x0000000008001664       0x26 build/list.o
                0x0000000008001664                uxListRemove
 *fill*         0x000000000800168a        0x2 
 .text.prvTaskExitError
                0x000000000800168c       0x40 build/port.o
 .text.prvPortStartFirstTask
                0x00000000080016cc       0x20 build/port.o
 .text.pxPortInitialiseStack
                0x00000000080016ec       0x24 build/port.o
                0x00000000080016ec                pxPortInitialiseStack
 .text.SVC_Handler
                0x0000000008001710       0x24 build/port.o
                0x0000000008001710                SVC_Handler
 .text.vPortEnterCritical
                0x0000000008001734       0x44 build/port.o
                0x0000000008001734                vPortEnterCritical
 .text.vPortExitCritical
                0x0000000008001778       0x2c build/port.o
                0x0000000008001778                vPortExitCritical
 *fill*         0x00000000080017a4        0xc 
 .text.PendSV_Handler
                0x00000000080017b0       0x44 build/port.o
                0x00000000080017b0                PendSV_Handler
 .text.SysTick_Handler
                0x00000000080017f4       0x2c build/port.o
                0x00000000080017f4                SysTick_Handler
 .text.vPortSetupTimerInterrupt
                0x0000000008001820       0x28 build/port.o
                0x0000000008001820                vPortSetupTimerInterrupt
 .text.xPortStartScheduler
                0x0000000008001848       0xc0 build/port.o
                0x0000000008001848                xPortStartScheduler
 .text.prvHeapInit
                0x0000000008001908       0x64 build/heap_4.o
 .text.prvInsertBlockIntoFreeList
                0x000000000800196c       0x60 build/heap_4.o
 .text.pvPortMalloc
                0x00000000080019cc       0xf0 build/heap_4.o
                0x00000000080019cc                pvPortMalloc
 .text.vPortFree
                0x0000000008001abc       0x70 build/heap_4.o
                0x0000000008001abc                vPortFree
 .text.prvResetNextTaskUnblockTime
                0x0000000008001b2c       0x2c build/tasks.o
 .text.prvInitialiseNewTask
                0x0000000008001b58       0x94 build/tasks.o
 .text.prvInitialiseTaskLists
                0x0000000008001bec       0x68 build/tasks.o
 .text.prvAddNewTaskToReadyList
                0x0000000008001c54       0xa8 build/tasks.o
 .text.prvDeleteTCB
                0x0000000008001cfc       0x38 build/tasks.o
 .text.prvCheckTasksWaitingTermination
                0x0000000008001d34       0x4c build/tasks.o
 .text.prvIdleTask
                0x0000000008001d80       0x28 build/tasks.o
 .text.prvAddCurrentTaskToDelayedList
                0x0000000008001da8       0x98 build/tasks.o
 .text.xTaskCreateStatic
                0x0000000008001e40       0x74 build/tasks.o
                0x0000000008001e40                xTaskCreateStatic
 .text.xTaskCreate
                0x0000000008001eb4       0x68 build/tasks.o
                0x0000000008001eb4                xTaskCreate
 .text.vTaskStartScheduler
                0x0000000008001f1c       0x74 build/tasks.o
                0x0000000008001f1c                vTaskStartScheduler
 .text.vTaskSuspendAll
                0x0000000008001f90       0x10 build/tasks.o
                0x0000000008001f90                vTaskSuspendAll
 .text.xTaskIncrementTick
                0x0000000008001fa0      0x118 build/tasks.o
                0x0000000008001fa0                xTaskIncrementTick
 .text.xTaskResumeAll
                0x00000000080020b8       0xf8 build/tasks.o
                0x00000000080020b8                xTaskResumeAll
 .text.vTaskDelay
                0x00000000080021b0       0x4c build/tasks.o
                0x00000000080021b0                vTaskDelay
 .text.vTaskSwitchContext
                0x00000000080021fc       0x98 build/tasks.o
                0x00000000080021fc                vTaskSwitchContext
 .text.Reset_Handler
                0x0000000008002294       0x48 build/startup_stm32f107xc.o
                0x0000000008002294                Reset_Handler
 .text.Default_Handler
                0x00000000080022dc        0x2 build/startup_stm32f107xc.o
                0x00000000080022dc                DMA2_Channel3_IRQHandler
                0x00000000080022dc                EXTI2_IRQHandler
                0x00000000080022dc                TIM1_CC_IRQHandler
                0x00000000080022dc                TIM6_IRQHandler
                0x00000000080022dc                PVD_IRQHandler
                0x00000000080022dc                CAN2_RX1_IRQHandler
                0x00000000080022dc                EXTI3_IRQHandler
                0x00000000080022dc                EXTI0_IRQHandler
                0x00000000080022dc                I2C2_EV_IRQHandler
                0x00000000080022dc                CAN1_RX0_IRQHandler
                0x00000000080022dc                CAN2_SCE_IRQHandler
                0x00000000080022dc                ADC1_2_IRQHandler
                0x00000000080022dc                SPI1_IRQHandler
                0x00000000080022dc                TAMPER_IRQHandler
                0x00000000080022dc                CAN2_RX0_IRQHandler
                0x00000000080022dc                DMA2_Channel2_IRQHandler
                0x00000000080022dc                DMA1_Channel4_IRQHandler
                0x00000000080022dc                USART3_IRQHandler
                0x00000000080022dc                RTC_IRQHandler
                0x00000000080022dc                DMA1_Channel7_IRQHandler
                0x00000000080022dc                CAN1_RX1_IRQHandler
                0x00000000080022dc                UART5_IRQHandler
                0x00000000080022dc                TIM4_IRQHandler
                0x00000000080022dc                DMA2_Channel1_IRQHandler
                0x00000000080022dc                I2C1_EV_IRQHandler
                0x00000000080022dc                DMA1_Channel6_IRQHandler
                0x00000000080022dc                UART4_IRQHandler
                0x00000000080022dc                DMA2_Channel4_IRQHandler
                0x00000000080022dc                TIM3_IRQHandler
                0x00000000080022dc                RCC_IRQHandler
                0x00000000080022dc                TIM1_TRG_COM_IRQHandler
                0x00000000080022dc                DMA1_Channel1_IRQHandler
                0x00000000080022dc                Default_Handler
                0x00000000080022dc                EXTI15_10_IRQHandler
                0x00000000080022dc                TIM7_IRQHandler
                0x00000000080022dc                CAN2_TX_IRQHandler
                0x00000000080022dc                TIM5_IRQHandler
                0x00000000080022dc                EXTI9_5_IRQHandler
                0x00000000080022dc                ETH_WKUP_IRQHandler
                0x00000000080022dc                SPI2_IRQHandler
                0x00000000080022dc                CAN1_TX_IRQHandler
                0x00000000080022dc                DMA2_Channel5_IRQHandler
                0x00000000080022dc                DMA1_Channel5_IRQHandler
                0x00000000080022dc                EXTI4_IRQHandler
                0x00000000080022dc                DMA1_Channel3_IRQHandler
                0x00000000080022dc                ETH_IRQHandler
                0x00000000080022dc                WWDG_IRQHandler
                0x00000000080022dc                TIM2_IRQHandler
                0x00000000080022dc                OTG_FS_WKUP_IRQHandler
                0x00000000080022dc                TIM1_BRK_IRQHandler
                0x00000000080022dc                EXTI1_IRQHandler
                0x00000000080022dc                USART2_IRQHandler
                0x00000000080022dc                I2C2_ER_IRQHandler
                0x00000000080022dc                DMA1_Channel2_IRQHandler
                0x00000000080022dc                CAN1_SCE_IRQHandler
                0x00000000080022dc                FLASH_IRQHandler
                0x00000000080022dc                USART1_IRQHandler
                0x00000000080022dc                OTG_FS_IRQHandler
                0x00000000080022dc                SPI3_IRQHandler
                0x00000000080022dc                I2C1_ER_IRQHandler
                0x00000000080022dc                RTC_Alarm_IRQHandler
 *fill*         0x00000000080022de        0x2 
 .text.__libc_init_array
                0x00000000080022e0       0x48 /Users/dborn/Library/Application Support/Code/User/globalStorage/bmd.stm32-for-vscode/@xpack-dev-tools/arm-none-eabi-gcc/10.2.1-1.1.2/.content/bin/../lib/gcc/arm-none-eabi/10.2.1/../../../../arm-none-eabi/lib/thumb/v7-m/nofp/libc.a(lib_a-init.o)
                0x00000000080022e0                __libc_init_array
 .text.memset   0x0000000008002328       0xa4 /Users/dborn/Library/Application Support/Code/User/globalStorage/bmd.stm32-for-vscode/@xpack-dev-tools/arm-none-eabi-gcc/10.2.1-1.1.2/.content/bin/../lib/gcc/arm-none-eabi/10.2.1/../../../../arm-none-eabi/lib/thumb/v7-m/nofp/libc.a(lib_a-memset.o)
                0x0000000008002328                memset
 .text.startup.register_fini
                0x00000000080023cc       0x14 /Users/dborn/Library/Application Support/Code/User/globalStorage/bmd.stm32-for-vscode/@xpack-dev-tools/arm-none-eabi-gcc/10.2.1-1.1.2/.content/bin/../lib/gcc/arm-none-eabi/10.2.1/../../../../arm-none-eabi/lib/thumb/v7-m/nofp/libc.a(lib_a-__call_atexit.o)
 .text.atexit   0x00000000080023e0        0xc /Users/dborn/Library/Application Support/Code/User/globalStorage/bmd.stm32-for-vscode/@xpack-dev-tools/arm-none-eabi-gcc/10.2.1-1.1.2/.content/bin/../lib/gcc/arm-none-eabi/10.2.1/../../../../arm-none-eabi/lib/thumb/v7-m/nofp/libc.a(lib_a-atexit.o)
                0x00000000080023e0                atexit
 .text.__libc_fini_array
                0x00000000080023ec       0x2c /Users/dborn/Library/Application Support/Code/User/globalStorage/bmd.stm32-for-vscode/@xpack-dev-tools/arm-none-eabi-gcc/10.2.1-1.1.2/.content/bin/../lib/gcc/arm-none-eabi/10.2.1/../../../../arm-none-eabi/lib/thumb/v7-m/nofp/libc.a(lib_a-fini.o)
                0x00000000080023ec                __libc_fini_array
 .text.__retarget_lock_acquire_recursive
                0x0000000008002418        0x4 /Users/dborn/Library/Application Support/Code/User/globalStorage/bmd.stm32-for-vscode/@xpack-dev-tools/arm-none-eabi-gcc/10.2.1-1.1.2/.content/bin/../lib/gcc/arm-none-eabi/10.2.1/../../../../arm-none-eabi/lib/thumb/v7-m/nofp/libc.a(lib_a-lock.o)
                0x0000000008002418                __retarget_lock_acquire_recursive
 .text.__retarget_lock_release_recursive
                0x000000000800241c        0x4 /Users/dborn/Library/Application Support/Code/User/globalStorage/bmd.stm32-for-vscode/@xpack-dev-tools/arm-none-eabi-gcc/10.2.1-1.1.2/.content/bin/../lib/gcc/arm-none-eabi/10.2.1/../../../../arm-none-eabi/lib/thumb/v7-m/nofp/libc.a(lib_a-lock.o)
                0x000000000800241c                __retarget_lock_release_recursive
 .text.__register_exitproc
                0x0000000008002420       0x8c /Users/dborn/Library/Application Support/Code/User/globalStorage/bmd.stm32-for-vscode/@xpack-dev-tools/arm-none-eabi-gcc/10.2.1-1.1.2/.content/bin/../lib/gcc/arm-none-eabi/10.2.1/../../../../arm-none-eabi/lib/thumb/v7-m/nofp/libc.a(lib_a-__atexit.o)
                0x0000000008002420                __register_exitproc
 .text._exit    0x00000000080024ac        0x4 /Users/dborn/Library/Application Support/Code/User/globalStorage/bmd.stm32-for-vscode/@xpack-dev-tools/arm-none-eabi-gcc/10.2.1-1.1.2/.content/bin/../lib/gcc/arm-none-eabi/10.2.1/../../../../arm-none-eabi/lib/thumb/v7-m/nofp/libnosys.a(_exit.o)
                0x00000000080024ac                _exit
 .text.__udivmoddi4
                0x00000000080024b0      0x2d4 /Users/dborn/Library/Application Support/Code/User/globalStorage/bmd.stm32-for-vscode/@xpack-dev-tools/arm-none-eabi-gcc/10.2.1-1.1.2/.content/bin/../lib/gcc/arm-none-eabi/10.2.1/thumb/v7-m/nofp/libgcc.a(_udivmoddi4.o)
                0x00000000080024b0                __udivmoddi4
 .text.selfrel_offset31
                0x0000000008002784       0x14 /Users/dborn/Library/Application Support/Code/User/globalStorage/bmd.stm32-for-vscode/@xpack-dev-tools/arm-none-eabi-gcc/10.2.1-1.1.2/.content/bin/../lib/gcc/arm-none-eabi/10.2.1/thumb/v7-m/nofp/libgcc.a(unwind-arm.o)
 .text.search_EIT_table
                0x0000000008002798       0x60 /Users/dborn/Library/Application Support/Code/User/globalStorage/bmd.stm32-for-vscode/@xpack-dev-tools/arm-none-eabi-gcc/10.2.1-1.1.2/.content/bin/../lib/gcc/arm-none-eabi/10.2.1/thumb/v7-m/nofp/libgcc.a(unwind-arm.o)
 .text.__gnu_unwind_get_pr_addr
                0x00000000080027f8       0x28 /Users/dborn/Library/Application Support/Code/User/globalStorage/bmd.stm32-for-vscode/@xpack-dev-tools/arm-none-eabi-gcc/10.2.1-1.1.2/.content/bin/../lib/gcc/arm-none-eabi/10.2.1/thumb/v7-m/nofp/libgcc.a(unwind-arm.o)
 .text.get_eit_entry
                0x0000000008002820       0xa0 /Users/dborn/Library/Application Support/Code/User/globalStorage/bmd.stm32-for-vscode/@xpack-dev-tools/arm-none-eabi-gcc/10.2.1-1.1.2/.content/bin/../lib/gcc/arm-none-eabi/10.2.1/thumb/v7-m/nofp/libgcc.a(unwind-arm.o)
 .text.restore_non_core_regs
                0x00000000080028c0       0x58 /Users/dborn/Library/Application Support/Code/User/globalStorage/bmd.stm32-for-vscode/@xpack-dev-tools/arm-none-eabi-gcc/10.2.1-1.1.2/.content/bin/../lib/gcc/arm-none-eabi/10.2.1/thumb/v7-m/nofp/libgcc.a(unwind-arm.o)
 .text._Unwind_decode_typeinfo_ptr.constprop.0
                0x0000000008002918        0xc /Users/dborn/Library/Application Support/Code/User/globalStorage/bmd.stm32-for-vscode/@xpack-dev-tools/arm-none-eabi-gcc/10.2.1-1.1.2/.content/bin/../lib/gcc/arm-none-eabi/10.2.1/thumb/v7-m/nofp/libgcc.a(unwind-arm.o)
 .text._Unwind_DebugHook
                0x0000000008002924        0x4 /Users/dborn/Library/Application Support/Code/User/globalStorage/bmd.stm32-for-vscode/@xpack-dev-tools/arm-none-eabi-gcc/10.2.1-1.1.2/.content/bin/../lib/gcc/arm-none-eabi/10.2.1/thumb/v7-m/nofp/libgcc.a(unwind-arm.o)
 .text.unwind_phase2
                0x0000000008002928       0x40 /Users/dborn/Library/Application Support/Code/User/globalStorage/bmd.stm32-for-vscode/@xpack-dev-tools/arm-none-eabi-gcc/10.2.1-1.1.2/.content/bin/../lib/gcc/arm-none-eabi/10.2.1/thumb/v7-m/nofp/libgcc.a(unwind-arm.o)
 .text.unwind_phase2_forced
                0x0000000008002968       0xd8 /Users/dborn/Library/Application Support/Code/User/globalStorage/bmd.stm32-for-vscode/@xpack-dev-tools/arm-none-eabi-gcc/10.2.1-1.1.2/.content/bin/../lib/gcc/arm-none-eabi/10.2.1/thumb/v7-m/nofp/libgcc.a(unwind-arm.o)
 .text.__gnu_Unwind_RaiseException
                0x0000000008002a40       0x68 /Users/dborn/Library/Application Support/Code/User/globalStorage/bmd.stm32-for-vscode/@xpack-dev-tools/arm-none-eabi-gcc/10.2.1-1.1.2/.content/bin/../lib/gcc/arm-none-eabi/10.2.1/thumb/v7-m/nofp/libgcc.a(unwind-arm.o)
                0x0000000008002a40                __gnu_Unwind_RaiseException
 .text.__gnu_Unwind_ForcedUnwind
                0x0000000008002aa8       0x18 /Users/dborn/Library/Application Support/Code/User/globalStorage/bmd.stm32-for-vscode/@xpack-dev-tools/arm-none-eabi-gcc/10.2.1-1.1.2/.content/bin/../lib/gcc/arm-none-eabi/10.2.1/thumb/v7-m/nofp/libgcc.a(unwind-arm.o)
                0x0000000008002aa8                __gnu_Unwind_ForcedUnwind
 .text.__gnu_Unwind_Resume
                0x0000000008002ac0       0x44 /Users/dborn/Library/Application Support/Code/User/globalStorage/bmd.stm32-for-vscode/@xpack-dev-tools/arm-none-eabi-gcc/10.2.1-1.1.2/.content/bin/../lib/gcc/arm-none-eabi/10.2.1/thumb/v7-m/nofp/libgcc.a(unwind-arm.o)
                0x0000000008002ac0                __gnu_Unwind_Resume
 .text.__gnu_Unwind_Resume_or_Rethrow
                0x0000000008002b04       0x18 /Users/dborn/Library/Application Support/Code/User/globalStorage/bmd.stm32-for-vscode/@xpack-dev-tools/arm-none-eabi-gcc/10.2.1-1.1.2/.content/bin/../lib/gcc/arm-none-eabi/10.2.1/thumb/v7-m/nofp/libgcc.a(unwind-arm.o)
                0x0000000008002b04                __gnu_Unwind_Resume_or_Rethrow
 .text._Unwind_VRS_Get
                0x0000000008002b1c       0x30 /Users/dborn/Library/Application Support/Code/User/globalStorage/bmd.stm32-for-vscode/@xpack-dev-tools/arm-none-eabi-gcc/10.2.1-1.1.2/.content/bin/../lib/gcc/arm-none-eabi/10.2.1/thumb/v7-m/nofp/libgcc.a(unwind-arm.o)
                0x0000000008002b1c                _Unwind_VRS_Get
 .text._Unwind_GetGR
                0x0000000008002b4c       0x1c /Users/dborn/Library/Application Support/Code/User/globalStorage/bmd.stm32-for-vscode/@xpack-dev-tools/arm-none-eabi-gcc/10.2.1-1.1.2/.content/bin/../lib/gcc/arm-none-eabi/10.2.1/thumb/v7-m/nofp/libgcc.a(unwind-arm.o)
 .text._Unwind_VRS_Set
                0x0000000008002b68       0x30 /Users/dborn/Library/Application Support/Code/User/globalStorage/bmd.stm32-for-vscode/@xpack-dev-tools/arm-none-eabi-gcc/10.2.1-1.1.2/.content/bin/../lib/gcc/arm-none-eabi/10.2.1/thumb/v7-m/nofp/libgcc.a(unwind-arm.o)
                0x0000000008002b68                _Unwind_VRS_Set
 .text._Unwind_SetGR
                0x0000000008002b98       0x18 /Users/dborn/Library/Application Support/Code/User/globalStorage/bmd.stm32-for-vscode/@xpack-dev-tools/arm-none-eabi-gcc/10.2.1-1.1.2/.content/bin/../lib/gcc/arm-none-eabi/10.2.1/thumb/v7-m/nofp/libgcc.a(unwind-arm.o)
 .text.__gnu_Unwind_Backtrace
                0x0000000008002bb0       0x80 /Users/dborn/Library/Application Support/Code/User/globalStorage/bmd.stm32-for-vscode/@xpack-dev-tools/arm-none-eabi-gcc/10.2.1-1.1.2/.content/bin/../lib/gcc/arm-none-eabi/10.2.1/thumb/v7-m/nofp/libgcc.a(unwind-arm.o)
                0x0000000008002bb0                __gnu_Unwind_Backtrace
 .text.__gnu_unwind_pr_common
                0x0000000008002c30      0x2a8 /Users/dborn/Library/Application Support/Code/User/globalStorage/bmd.stm32-for-vscode/@xpack-dev-tools/arm-none-eabi-gcc/10.2.1-1.1.2/.content/bin/../lib/gcc/arm-none-eabi/10.2.1/thumb/v7-m/nofp/libgcc.a(unwind-arm.o)
 .text.__aeabi_unwind_cpp_pr0
                0x0000000008002ed8        0x8 /Users/dborn/Library/Application Support/Code/User/globalStorage/bmd.stm32-for-vscode/@xpack-dev-tools/arm-none-eabi-gcc/10.2.1-1.1.2/.content/bin/../lib/gcc/arm-none-eabi/10.2.1/thumb/v7-m/nofp/libgcc.a(unwind-arm.o)
                0x0000000008002ed8                __aeabi_unwind_cpp_pr0
 .text.__aeabi_unwind_cpp_pr1
                0x0000000008002ee0        0x8 /Users/dborn/Library/Application Support/Code/User/globalStorage/bmd.stm32-for-vscode/@xpack-dev-tools/arm-none-eabi-gcc/10.2.1-1.1.2/.content/bin/../lib/gcc/arm-none-eabi/10.2.1/thumb/v7-m/nofp/libgcc.a(unwind-arm.o)
                0x0000000008002ee0                __aeabi_unwind_cpp_pr1
 .text.__aeabi_unwind_cpp_pr2
                0x0000000008002ee8        0x8 /Users/dborn/Library/Application Support/Code/User/globalStorage/bmd.stm32-for-vscode/@xpack-dev-tools/arm-none-eabi-gcc/10.2.1-1.1.2/.content/bin/../lib/gcc/arm-none-eabi/10.2.1/thumb/v7-m/nofp/libgcc.a(unwind-arm.o)
                0x0000000008002ee8                __aeabi_unwind_cpp_pr2
 .text._Unwind_VRS_Pop
                0x0000000008002ef0      0x274 /Users/dborn/Library/Application Support/Code/User/globalStorage/bmd.stm32-for-vscode/@xpack-dev-tools/arm-none-eabi-gcc/10.2.1-1.1.2/.content/bin/../lib/gcc/arm-none-eabi/10.2.1/thumb/v7-m/nofp/libgcc.a(unwind-arm.o)
                0x0000000008002ef0                _Unwind_VRS_Pop
 .text.next_unwind_byte
                0x0000000008003164       0x38 /Users/dborn/Library/Application Support/Code/User/globalStorage/bmd.stm32-for-vscode/@xpack-dev-tools/arm-none-eabi-gcc/10.2.1-1.1.2/.content/bin/../lib/gcc/arm-none-eabi/10.2.1/thumb/v7-m/nofp/libgcc.a(pr-support.o)
 .text.__gnu_unwind_execute
                0x000000000800319c      0x2e4 /Users/dborn/Library/Application Support/Code/User/globalStorage/bmd.stm32-for-vscode/@xpack-dev-tools/arm-none-eabi-gcc/10.2.1-1.1.2/.content/bin/../lib/gcc/arm-none-eabi/10.2.1/thumb/v7-m/nofp/libgcc.a(pr-support.o)
                0x000000000800319c                __gnu_unwind_execute
 .text.abort    0x0000000008003480       0x10 /Users/dborn/Library/Application Support/Code/User/globalStorage/bmd.stm32-for-vscode/@xpack-dev-tools/arm-none-eabi-gcc/10.2.1-1.1.2/.content/bin/../lib/gcc/arm-none-eabi/10.2.1/../../../../arm-none-eabi/lib/thumb/v7-m/nofp/libc.a(lib_a-abort.o)
                0x0000000008003480                abort
 .text.raise    0x0000000008003490       0x5c /Users/dborn/Library/Application Support/Code/User/globalStorage/bmd.stm32-for-vscode/@xpack-dev-tools/arm-none-eabi-gcc/10.2.1-1.1.2/.content/bin/../lib/gcc/arm-none-eabi/10.2.1/../../../../arm-none-eabi/lib/thumb/v7-m/nofp/libc.a(lib_a-signal.o)
                0x0000000008003490                raise
 .text._kill_r  0x00000000080034ec       0x28 /Users/dborn/Library/Application Support/Code/User/globalStorage/bmd.stm32-for-vscode/@xpack-dev-tools/arm-none-eabi-gcc/10.2.1-1.1.2/.content/bin/../lib/gcc/arm-none-eabi/10.2.1/../../../../arm-none-eabi/lib/thumb/v7-m/nofp/libc.a(lib_a-signalr.o)
                0x00000000080034ec                _kill_r
 .text._getpid_r
                0x0000000008003514        0x4 /Users/dborn/Library/Application Support/Code/User/globalStorage/bmd.stm32-for-vscode/@xpack-dev-tools/arm-none-eabi-gcc/10.2.1-1.1.2/.content/bin/../lib/gcc/arm-none-eabi/10.2.1/../../../../arm-none-eabi/lib/thumb/v7-m/nofp/libc.a(lib_a-signalr.o)
                0x0000000008003514                _getpid_r
 .text._getpid  0x0000000008003518       0x10 /Users/dborn/Library/Application Support/Code/User/globalStorage/bmd.stm32-for-vscode/@xpack-dev-tools/arm-none-eabi-gcc/10.2.1-1.1.2/.content/bin/../lib/gcc/arm-none-eabi/10.2.1/../../../../arm-none-eabi/lib/thumb/v7-m/nofp/libnosys.a(getpid.o)
                0x0000000008003518                _getpid
 .text._kill    0x0000000008003528       0x10 /Users/dborn/Library/Application Support/Code/User/globalStorage/bmd.stm32-for-vscode/@xpack-dev-tools/arm-none-eabi-gcc/10.2.1-1.1.2/.content/bin/../lib/gcc/arm-none-eabi/10.2.1/../../../../arm-none-eabi/lib/thumb/v7-m/nofp/libnosys.a(kill.o)
                0x0000000008003528                _kill
 *(.glue_7)
 .glue_7        0x0000000008003538        0x0 linker stubs
 *(.glue_7t)
 .glue_7t       0x0000000008003538        0x0 linker stubs
 *(.eh_frame)
 .eh_frame      0x0000000008003538        0x0 /Users/dborn/Library/Application Support/Code/User/globalStorage/bmd.stm32-for-vscode/@xpack-dev-tools/arm-none-eabi-gcc/10.2.1-1.1.2/.content/bin/../lib/gcc/arm-none-eabi/10.2.1/thumb/v7-m/nofp/crtbegin.o
 *(.init)
 .init          0x0000000008003538        0x4 /Users/dborn/Library/Application Support/Code/User/globalStorage/bmd.stm32-for-vscode/@xpack-dev-tools/arm-none-eabi-gcc/10.2.1-1.1.2/.content/bin/../lib/gcc/arm-none-eabi/10.2.1/thumb/v7-m/nofp/crti.o
                0x0000000008003538                _init
 .init          0x000000000800353c        0x8 /Users/dborn/Library/Application Support/Code/User/globalStorage/bmd.stm32-for-vscode/@xpack-dev-tools/arm-none-eabi-gcc/10.2.1-1.1.2/.content/bin/../lib/gcc/arm-none-eabi/10.2.1/thumb/v7-m/nofp/crtn.o
 *(.fini)
 .fini          0x0000000008003544        0x4 /Users/dborn/Library/Application Support/Code/User/globalStorage/bmd.stm32-for-vscode/@xpack-dev-tools/arm-none-eabi-gcc/10.2.1-1.1.2/.content/bin/../lib/gcc/arm-none-eabi/10.2.1/thumb/v7-m/nofp/crti.o
                0x0000000008003544                _fini
 .fini          0x0000000008003548        0x8 /Users/dborn/Library/Application Support/Code/User/globalStorage/bmd.stm32-for-vscode/@xpack-dev-tools/arm-none-eabi-gcc/10.2.1-1.1.2/.content/bin/../lib/gcc/arm-none-eabi/10.2.1/thumb/v7-m/nofp/crtn.o
                0x0000000008003550                . = ALIGN (0x4)
                0x0000000008003550                _etext = .

.vfp11_veneer   0x0000000008003550        0x0
 .vfp11_veneer  0x0000000008003550        0x0 linker stubs

.v4_bx          0x0000000008003550        0x0
 .v4_bx         0x0000000008003550        0x0 linker stubs

.iplt           0x0000000008003550        0x0
 .iplt          0x0000000008003550        0x0 /Users/dborn/Library/Application Support/Code/User/globalStorage/bmd.stm32-for-vscode/@xpack-dev-tools/arm-none-eabi-gcc/10.2.1-1.1.2/.content/bin/../lib/gcc/arm-none-eabi/10.2.1/thumb/v7-m/nofp/crtbegin.o

.rodata         0x0000000008003550       0x98
                0x0000000008003550                . = ALIGN (0x4)
 *(.rodata)
 .rodata        0x0000000008003550       0x38 build/main.o
 .rodata        0x0000000008003588        0xe build/stm32f1xx_hal_rcc.o
 *(.rodata*)
 *fill*         0x0000000008003596        0x2 
 .rodata.str1.4
                0x0000000008003598       0x17 build/main.o
 *fill*         0x00000000080035af        0x1 
 .rodata.AHBPrescTable
                0x00000000080035b0       0x10 build/system_stm32f1xx.o
                0x00000000080035b0                AHBPrescTable
 .rodata.APBPrescTable
                0x00000000080035c0        0x8 build/system_stm32f1xx.o
                0x00000000080035c0                APBPrescTable
 .rodata.HAL_RCC_GetSysClockFreq.str1.4
                0x00000000080035c8       0x11 build/stm32f1xx_hal_rcc.o
 *fill*         0x00000000080035d9        0x3 
 .rodata.vTaskStartScheduler.str1.4
                0x00000000080035dc        0x5 build/tasks.o
 *fill*         0x00000000080035e1        0x3 
 .rodata._global_impure_ptr
                0x00000000080035e4        0x4 /Users/dborn/Library/Application Support/Code/User/globalStorage/bmd.stm32-for-vscode/@xpack-dev-tools/arm-none-eabi-gcc/10.2.1-1.1.2/.content/bin/../lib/gcc/arm-none-eabi/10.2.1/../../../../arm-none-eabi/lib/thumb/v7-m/nofp/libc.a(lib_a-impure.o)
                0x00000000080035e4                _global_impure_ptr
                0x00000000080035e8                . = ALIGN (0x4)

.ARM.extab      0x00000000080035e8        0xc
 *(.ARM.extab* .gnu.linkonce.armextab.*)
 .ARM.extab.text.abort
                0x00000000080035e8        0xc /Users/dborn/Library/Application Support/Code/User/globalStorage/bmd.stm32-for-vscode/@xpack-dev-tools/arm-none-eabi-gcc/10.2.1-1.1.2/.content/bin/../lib/gcc/arm-none-eabi/10.2.1/../../../../arm-none-eabi/lib/thumb/v7-m/nofp/libc.a(lib_a-abort.o)

.ARM            0x00000000080035f4       0xc8
                0x00000000080035f4                __exidx_start = .
 *(.ARM.exidx*)
 .ARM.exidx.text.__libc_init_array
                0x00000000080035f4        0x8 /Users/dborn/Library/Application Support/Code/User/globalStorage/bmd.stm32-for-vscode/@xpack-dev-tools/arm-none-eabi-gcc/10.2.1-1.1.2/.content/bin/../lib/gcc/arm-none-eabi/10.2.1/../../../../arm-none-eabi/lib/thumb/v7-m/nofp/libc.a(lib_a-init.o)
 .ARM.exidx.text.memset
                0x00000000080035fc        0x8 /Users/dborn/Library/Application Support/Code/User/globalStorage/bmd.stm32-for-vscode/@xpack-dev-tools/arm-none-eabi-gcc/10.2.1-1.1.2/.content/bin/../lib/gcc/arm-none-eabi/10.2.1/../../../../arm-none-eabi/lib/thumb/v7-m/nofp/libc.a(lib_a-memset.o)
 .ARM.exidx.text.startup.register_fini
                0x0000000008003604        0x0 /Users/dborn/Library/Application Support/Code/User/globalStorage/bmd.stm32-for-vscode/@xpack-dev-tools/arm-none-eabi-gcc/10.2.1-1.1.2/.content/bin/../lib/gcc/arm-none-eabi/10.2.1/../../../../arm-none-eabi/lib/thumb/v7-m/nofp/libc.a(lib_a-__call_atexit.o)
                                          0x8 (size before relaxing)
 .ARM.exidx.text.atexit
                0x0000000008003604        0x0 /Users/dborn/Library/Application Support/Code/User/globalStorage/bmd.stm32-for-vscode/@xpack-dev-tools/arm-none-eabi-gcc/10.2.1-1.1.2/.content/bin/../lib/gcc/arm-none-eabi/10.2.1/../../../../arm-none-eabi/lib/thumb/v7-m/nofp/libc.a(lib_a-atexit.o)
                                          0x8 (size before relaxing)
 .ARM.exidx.text.__libc_fini_array
                0x0000000008003604        0x8 /Users/dborn/Library/Application Support/Code/User/globalStorage/bmd.stm32-for-vscode/@xpack-dev-tools/arm-none-eabi-gcc/10.2.1-1.1.2/.content/bin/../lib/gcc/arm-none-eabi/10.2.1/../../../../arm-none-eabi/lib/thumb/v7-m/nofp/libc.a(lib_a-fini.o)
 .ARM.exidx.text.__retarget_lock_acquire_recursive
                0x000000000800360c        0x8 /Users/dborn/Library/Application Support/Code/User/globalStorage/bmd.stm32-for-vscode/@xpack-dev-tools/arm-none-eabi-gcc/10.2.1-1.1.2/.content/bin/../lib/gcc/arm-none-eabi/10.2.1/../../../../arm-none-eabi/lib/thumb/v7-m/nofp/libc.a(lib_a-lock.o)
 .ARM.exidx.text.__retarget_lock_release_recursive
                0x0000000008003614        0x0 /Users/dborn/Library/Application Support/Code/User/globalStorage/bmd.stm32-for-vscode/@xpack-dev-tools/arm-none-eabi-gcc/10.2.1-1.1.2/.content/bin/../lib/gcc/arm-none-eabi/10.2.1/../../../../arm-none-eabi/lib/thumb/v7-m/nofp/libc.a(lib_a-lock.o)
                                          0x8 (size before relaxing)
 .ARM.exidx.text.__register_exitproc
                0x0000000008003614        0x8 /Users/dborn/Library/Application Support/Code/User/globalStorage/bmd.stm32-for-vscode/@xpack-dev-tools/arm-none-eabi-gcc/10.2.1-1.1.2/.content/bin/../lib/gcc/arm-none-eabi/10.2.1/../../../../arm-none-eabi/lib/thumb/v7-m/nofp/libc.a(lib_a-__atexit.o)
 .ARM.exidx.text._exit
                0x000000000800361c        0x8 /Users/dborn/Library/Application Support/Code/User/globalStorage/bmd.stm32-for-vscode/@xpack-dev-tools/arm-none-eabi-gcc/10.2.1-1.1.2/.content/bin/../lib/gcc/arm-none-eabi/10.2.1/../../../../arm-none-eabi/lib/thumb/v7-m/nofp/libnosys.a(_exit.o)
 .ARM.exidx.text.__udivmoddi4
                0x0000000008003624        0x0 /Users/dborn/Library/Application Support/Code/User/globalStorage/bmd.stm32-for-vscode/@xpack-dev-tools/arm-none-eabi-gcc/10.2.1-1.1.2/.content/bin/../lib/gcc/arm-none-eabi/10.2.1/thumb/v7-m/nofp/libgcc.a(_udivmoddi4.o)
                                          0x8 (size before relaxing)
 .ARM.exidx.text.selfrel_offset31
                0x0000000008003624        0x0 /Users/dborn/Library/Application Support/Code/User/globalStorage/bmd.stm32-for-vscode/@xpack-dev-tools/arm-none-eabi-gcc/10.2.1-1.1.2/.content/bin/../lib/gcc/arm-none-eabi/10.2.1/thumb/v7-m/nofp/libgcc.a(unwind-arm.o)
                                          0x8 (size before relaxing)
 .ARM.exidx.text.search_EIT_table
                0x0000000008003624        0x0 /Users/dborn/Library/Application Support/Code/User/globalStorage/bmd.stm32-for-vscode/@xpack-dev-tools/arm-none-eabi-gcc/10.2.1-1.1.2/.content/bin/../lib/gcc/arm-none-eabi/10.2.1/thumb/v7-m/nofp/libgcc.a(unwind-arm.o)
                                          0x8 (size before relaxing)
 .ARM.exidx.text.__gnu_unwind_get_pr_addr
                0x0000000008003624        0x0 /Users/dborn/Library/Application Support/Code/User/globalStorage/bmd.stm32-for-vscode/@xpack-dev-tools/arm-none-eabi-gcc/10.2.1-1.1.2/.content/bin/../lib/gcc/arm-none-eabi/10.2.1/thumb/v7-m/nofp/libgcc.a(unwind-arm.o)
                                          0x8 (size before relaxing)
 .ARM.exidx.text.get_eit_entry
                0x0000000008003624        0x8 /Users/dborn/Library/Application Support/Code/User/globalStorage/bmd.stm32-for-vscode/@xpack-dev-tools/arm-none-eabi-gcc/10.2.1-1.1.2/.content/bin/../lib/gcc/arm-none-eabi/10.2.1/thumb/v7-m/nofp/libgcc.a(unwind-arm.o)
 .ARM.exidx.text.restore_non_core_regs
                0x000000000800362c        0x8 /Users/dborn/Library/Application Support/Code/User/globalStorage/bmd.stm32-for-vscode/@xpack-dev-tools/arm-none-eabi-gcc/10.2.1-1.1.2/.content/bin/../lib/gcc/arm-none-eabi/10.2.1/thumb/v7-m/nofp/libgcc.a(unwind-arm.o)
 .ARM.exidx.text._Unwind_decode_typeinfo_ptr.constprop.0
                0x0000000008003634        0x8 /Users/dborn/Library/Application Support/Code/User/globalStorage/bmd.stm32-for-vscode/@xpack-dev-tools/arm-none-eabi-gcc/10.2.1-1.1.2/.content/bin/../lib/gcc/arm-none-eabi/10.2.1/thumb/v7-m/nofp/libgcc.a(unwind-arm.o)
 .ARM.exidx.text._Unwind_DebugHook
                0x000000000800363c        0x0 /Users/dborn/Library/Application Support/Code/User/globalStorage/bmd.stm32-for-vscode/@xpack-dev-tools/arm-none-eabi-gcc/10.2.1-1.1.2/.content/bin/../lib/gcc/arm-none-eabi/10.2.1/thumb/v7-m/nofp/libgcc.a(unwind-arm.o)
                                          0x8 (size before relaxing)
 .ARM.exidx.text.unwind_phase2
                0x000000000800363c        0x8 /Users/dborn/Library/Application Support/Code/User/globalStorage/bmd.stm32-for-vscode/@xpack-dev-tools/arm-none-eabi-gcc/10.2.1-1.1.2/.content/bin/../lib/gcc/arm-none-eabi/10.2.1/thumb/v7-m/nofp/libgcc.a(unwind-arm.o)
 .ARM.exidx.text.unwind_phase2_forced
                0x0000000008003644        0x8 /Users/dborn/Library/Application Support/Code/User/globalStorage/bmd.stm32-for-vscode/@xpack-dev-tools/arm-none-eabi-gcc/10.2.1-1.1.2/.content/bin/../lib/gcc/arm-none-eabi/10.2.1/thumb/v7-m/nofp/libgcc.a(unwind-arm.o)
 .ARM.exidx.text.__gnu_Unwind_RaiseException
                0x000000000800364c        0x8 /Users/dborn/Library/Application Support/Code/User/globalStorage/bmd.stm32-for-vscode/@xpack-dev-tools/arm-none-eabi-gcc/10.2.1-1.1.2/.content/bin/../lib/gcc/arm-none-eabi/10.2.1/thumb/v7-m/nofp/libgcc.a(unwind-arm.o)
 .ARM.exidx.text.__gnu_Unwind_ForcedUnwind
                0x0000000008003654        0x8 /Users/dborn/Library/Application Support/Code/User/globalStorage/bmd.stm32-for-vscode/@xpack-dev-tools/arm-none-eabi-gcc/10.2.1-1.1.2/.content/bin/../lib/gcc/arm-none-eabi/10.2.1/thumb/v7-m/nofp/libgcc.a(unwind-arm.o)
 .ARM.exidx.text.__gnu_Unwind_Resume
                0x000000000800365c        0x8 /Users/dborn/Library/Application Support/Code/User/globalStorage/bmd.stm32-for-vscode/@xpack-dev-tools/arm-none-eabi-gcc/10.2.1-1.1.2/.content/bin/../lib/gcc/arm-none-eabi/10.2.1/thumb/v7-m/nofp/libgcc.a(unwind-arm.o)
 .ARM.exidx.text.__gnu_Unwind_Resume_or_Rethrow
                0x0000000008003664        0x8 /Users/dborn/Library/Application Support/Code/User/globalStorage/bmd.stm32-for-vscode/@xpack-dev-tools/arm-none-eabi-gcc/10.2.1-1.1.2/.content/bin/../lib/gcc/arm-none-eabi/10.2.1/thumb/v7-m/nofp/libgcc.a(unwind-arm.o)
 .ARM.exidx.text._Unwind_VRS_Get
                0x000000000800366c        0x0 /Users/dborn/Library/Application Support/Code/User/globalStorage/bmd.stm32-for-vscode/@xpack-dev-tools/arm-none-eabi-gcc/10.2.1-1.1.2/.content/bin/../lib/gcc/arm-none-eabi/10.2.1/thumb/v7-m/nofp/libgcc.a(unwind-arm.o)
                                          0x8 (size before relaxing)
 .ARM.exidx.text._Unwind_GetGR
                0x000000000800366c        0x0 /Users/dborn/Library/Application Support/Code/User/globalStorage/bmd.stm32-for-vscode/@xpack-dev-tools/arm-none-eabi-gcc/10.2.1-1.1.2/.content/bin/../lib/gcc/arm-none-eabi/10.2.1/thumb/v7-m/nofp/libgcc.a(unwind-arm.o)
                                          0x8 (size before relaxing)
 .ARM.exidx.text._Unwind_VRS_Set
                0x000000000800366c        0x0 /Users/dborn/Library/Application Support/Code/User/globalStorage/bmd.stm32-for-vscode/@xpack-dev-tools/arm-none-eabi-gcc/10.2.1-1.1.2/.content/bin/../lib/gcc/arm-none-eabi/10.2.1/thumb/v7-m/nofp/libgcc.a(unwind-arm.o)
                                          0x8 (size before relaxing)
 .ARM.exidx.text._Unwind_SetGR
                0x000000000800366c        0x0 /Users/dborn/Library/Application Support/Code/User/globalStorage/bmd.stm32-for-vscode/@xpack-dev-tools/arm-none-eabi-gcc/10.2.1-1.1.2/.content/bin/../lib/gcc/arm-none-eabi/10.2.1/thumb/v7-m/nofp/libgcc.a(unwind-arm.o)
                                          0x8 (size before relaxing)
 .ARM.exidx.text.__gnu_Unwind_Backtrace
                0x000000000800366c        0x8 /Users/dborn/Library/Application Support/Code/User/globalStorage/bmd.stm32-for-vscode/@xpack-dev-tools/arm-none-eabi-gcc/10.2.1-1.1.2/.content/bin/../lib/gcc/arm-none-eabi/10.2.1/thumb/v7-m/nofp/libgcc.a(unwind-arm.o)
 .ARM.exidx.text.__gnu_unwind_pr_common
                0x0000000008003674        0x8 /Users/dborn/Library/Application Support/Code/User/globalStorage/bmd.stm32-for-vscode/@xpack-dev-tools/arm-none-eabi-gcc/10.2.1-1.1.2/.content/bin/../lib/gcc/arm-none-eabi/10.2.1/thumb/v7-m/nofp/libgcc.a(unwind-arm.o)
 .ARM.exidx.text.__aeabi_unwind_cpp_pr0
                0x000000000800367c        0x8 /Users/dborn/Library/Application Support/Code/User/globalStorage/bmd.stm32-for-vscode/@xpack-dev-tools/arm-none-eabi-gcc/10.2.1-1.1.2/.content/bin/../lib/gcc/arm-none-eabi/10.2.1/thumb/v7-m/nofp/libgcc.a(unwind-arm.o)
 .ARM.exidx.text.__aeabi_unwind_cpp_pr1
                0x0000000008003684        0x0 /Users/dborn/Library/Application Support/Code/User/globalStorage/bmd.stm32-for-vscode/@xpack-dev-tools/arm-none-eabi-gcc/10.2.1-1.1.2/.content/bin/../lib/gcc/arm-none-eabi/10.2.1/thumb/v7-m/nofp/libgcc.a(unwind-arm.o)
                                          0x8 (size before relaxing)
 .ARM.exidx.text.__aeabi_unwind_cpp_pr2
                0x0000000008003684        0x0 /Users/dborn/Library/Application Support/Code/User/globalStorage/bmd.stm32-for-vscode/@xpack-dev-tools/arm-none-eabi-gcc/10.2.1-1.1.2/.content/bin/../lib/gcc/arm-none-eabi/10.2.1/thumb/v7-m/nofp/libgcc.a(unwind-arm.o)
                                          0x8 (size before relaxing)
 .ARM.exidx.text._Unwind_VRS_Pop
                0x0000000008003684        0x8 /Users/dborn/Library/Application Support/Code/User/globalStorage/bmd.stm32-for-vscode/@xpack-dev-tools/arm-none-eabi-gcc/10.2.1-1.1.2/.content/bin/../lib/gcc/arm-none-eabi/10.2.1/thumb/v7-m/nofp/libgcc.a(unwind-arm.o)
 .ARM.exidx.text.next_unwind_byte
                0x000000000800368c        0x8 /Users/dborn/Library/Application Support/Code/User/globalStorage/bmd.stm32-for-vscode/@xpack-dev-tools/arm-none-eabi-gcc/10.2.1-1.1.2/.content/bin/../lib/gcc/arm-none-eabi/10.2.1/thumb/v7-m/nofp/libgcc.a(pr-support.o)
 .ARM.exidx.text.__gnu_unwind_execute
                0x0000000008003694        0x8 /Users/dborn/Library/Application Support/Code/User/globalStorage/bmd.stm32-for-vscode/@xpack-dev-tools/arm-none-eabi-gcc/10.2.1-1.1.2/.content/bin/../lib/gcc/arm-none-eabi/10.2.1/thumb/v7-m/nofp/libgcc.a(pr-support.o)
 .ARM.exidx.text.abort
                0x000000000800369c        0x8 /Users/dborn/Library/Application Support/Code/User/globalStorage/bmd.stm32-for-vscode/@xpack-dev-tools/arm-none-eabi-gcc/10.2.1-1.1.2/.content/bin/../lib/gcc/arm-none-eabi/10.2.1/../../../../arm-none-eabi/lib/thumb/v7-m/nofp/libc.a(lib_a-abort.o)
 .ARM.exidx.text.raise
                0x00000000080036a4        0x8 /Users/dborn/Library/Application Support/Code/User/globalStorage/bmd.stm32-for-vscode/@xpack-dev-tools/arm-none-eabi-gcc/10.2.1-1.1.2/.content/bin/../lib/gcc/arm-none-eabi/10.2.1/../../../../arm-none-eabi/lib/thumb/v7-m/nofp/libc.a(lib_a-signal.o)
 .ARM.exidx.text._kill_r
                0x00000000080036ac        0x8 /Users/dborn/Library/Application Support/Code/User/globalStorage/bmd.stm32-for-vscode/@xpack-dev-tools/arm-none-eabi-gcc/10.2.1-1.1.2/.content/bin/../lib/gcc/arm-none-eabi/10.2.1/../../../../arm-none-eabi/lib/thumb/v7-m/nofp/libc.a(lib_a-signalr.o)
 .ARM.exidx.text._getpid_r
                0x00000000080036b4        0x8 /Users/dborn/Library/Application Support/Code/User/globalStorage/bmd.stm32-for-vscode/@xpack-dev-tools/arm-none-eabi-gcc/10.2.1-1.1.2/.content/bin/../lib/gcc/arm-none-eabi/10.2.1/../../../../arm-none-eabi/lib/thumb/v7-m/nofp/libc.a(lib_a-signalr.o)
 .ARM.exidx.text._getpid
                0x00000000080036bc        0x0 /Users/dborn/Library/Application Support/Code/User/globalStorage/bmd.stm32-for-vscode/@xpack-dev-tools/arm-none-eabi-gcc/10.2.1-1.1.2/.content/bin/../lib/gcc/arm-none-eabi/10.2.1/../../../../arm-none-eabi/lib/thumb/v7-m/nofp/libnosys.a(getpid.o)
                                          0x8 (size before relaxing)
 .ARM.exidx.text._kill
                0x00000000080036bc        0x0 /Users/dborn/Library/Application Support/Code/User/globalStorage/bmd.stm32-for-vscode/@xpack-dev-tools/arm-none-eabi-gcc/10.2.1-1.1.2/.content/bin/../lib/gcc/arm-none-eabi/10.2.1/../../../../arm-none-eabi/lib/thumb/v7-m/nofp/libnosys.a(kill.o)
                                          0x8 (size before relaxing)
                0x00000000080036bc                __exidx_end = .

.rel.dyn        0x00000000080036bc        0x0
 .rel.iplt      0x00000000080036bc        0x0 /Users/dborn/Library/Application Support/Code/User/globalStorage/bmd.stm32-for-vscode/@xpack-dev-tools/arm-none-eabi-gcc/10.2.1-1.1.2/.content/bin/../lib/gcc/arm-none-eabi/10.2.1/thumb/v7-m/nofp/crtbegin.o

.preinit_array  0x00000000080036bc        0x0
                0x00000000080036bc                PROVIDE (__preinit_array_start = .)
 *(.preinit_array*)
                0x00000000080036bc                PROVIDE (__preinit_array_end = .)

.init_array     0x00000000080036bc        0x8
                0x00000000080036bc                PROVIDE (__init_array_start = .)
 *(SORT_BY_NAME(.init_array.*))
 .init_array.00000
                0x00000000080036bc        0x4 /Users/dborn/Library/Application Support/Code/User/globalStorage/bmd.stm32-for-vscode/@xpack-dev-tools/arm-none-eabi-gcc/10.2.1-1.1.2/.content/bin/../lib/gcc/arm-none-eabi/10.2.1/../../../../arm-none-eabi/lib/thumb/v7-m/nofp/libc.a(lib_a-__call_atexit.o)
 *(.init_array*)
 .init_array    0x00000000080036c0        0x4 /Users/dborn/Library/Application Support/Code/User/globalStorage/bmd.stm32-for-vscode/@xpack-dev-tools/arm-none-eabi-gcc/10.2.1-1.1.2/.content/bin/../lib/gcc/arm-none-eabi/10.2.1/thumb/v7-m/nofp/crtbegin.o
                0x00000000080036c4                PROVIDE (__init_array_end = .)

.fini_array     0x00000000080036c4        0x4
                0x00000000080036c4                PROVIDE (__fini_array_start = .)
 *(SORT_BY_NAME(.fini_array.*))
 *(.fini_array*)
 .fini_array    0x00000000080036c4        0x4 /Users/dborn/Library/Application Support/Code/User/globalStorage/bmd.stm32-for-vscode/@xpack-dev-tools/arm-none-eabi-gcc/10.2.1-1.1.2/.content/bin/../lib/gcc/arm-none-eabi/10.2.1/thumb/v7-m/nofp/crtbegin.o
                0x00000000080036c8                PROVIDE (__fini_array_end = .)
                0x00000000080036c8                _sidata = LOADADDR (.data)

.data           0x0000000020000000      0x444 load address 0x00000000080036c8
                0x0000000020000000                . = ALIGN (0x4)
                0x0000000020000000                _sdata = .
 *(.data)
 *(.data*)
 .data.SystemCoreClock
                0x0000000020000000        0x4 build/system_stm32f1xx.o
                0x0000000020000000                SystemCoreClock
 .data.uwTickFreq
                0x0000000020000004        0x1 build/stm32f1xx_hal.o
                0x0000000020000004                uwTickFreq
 *fill*         0x0000000020000005        0x3 
 .data.uwTickPrio
                0x0000000020000008        0x4 build/stm32f1xx_hal.o
                0x0000000020000008                uwTickPrio
 .data.uxCriticalNesting
                0x000000002000000c        0x4 build/port.o
 .data._impure_ptr
                0x0000000020000010        0x4 /Users/dborn/Library/Application Support/Code/User/globalStorage/bmd.stm32-for-vscode/@xpack-dev-tools/arm-none-eabi-gcc/10.2.1-1.1.2/.content/bin/../lib/gcc/arm-none-eabi/10.2.1/../../../../arm-none-eabi/lib/thumb/v7-m/nofp/libc.a(lib_a-impure.o)
                0x0000000020000010                _impure_ptr
 *fill*         0x0000000020000014        0x4 
 .data.impure_data
                0x0000000020000018      0x428 /Users/dborn/Library/Application Support/Code/User/globalStorage/bmd.stm32-for-vscode/@xpack-dev-tools/arm-none-eabi-gcc/10.2.1-1.1.2/.content/bin/../lib/gcc/arm-none-eabi/10.2.1/../../../../arm-none-eabi/lib/thumb/v7-m/nofp/libc.a(lib_a-impure.o)
 .data.__atexit_recursive_mutex
                0x0000000020000440        0x4 /Users/dborn/Library/Application Support/Code/User/globalStorage/bmd.stm32-for-vscode/@xpack-dev-tools/arm-none-eabi-gcc/10.2.1-1.1.2/.content/bin/../lib/gcc/arm-none-eabi/10.2.1/../../../../arm-none-eabi/lib/thumb/v7-m/nofp/libc.a(lib_a-__call_atexit.o)
                0x0000000020000440                __atexit_recursive_mutex
                0x0000000020000444                . = ALIGN (0x4)
                0x0000000020000444                _edata = .

.igot.plt       0x0000000020000444        0x0 load address 0x0000000008003b0c
 .igot.plt      0x0000000020000444        0x0 /Users/dborn/Library/Application Support/Code/User/globalStorage/bmd.stm32-for-vscode/@xpack-dev-tools/arm-none-eabi-gcc/10.2.1-1.1.2/.content/bin/../lib/gcc/arm-none-eabi/10.2.1/thumb/v7-m/nofp/crtbegin.o
                0x0000000020000444                . = ALIGN (0x4)

.bss            0x0000000020000444     0x1418 load address 0x0000000008003b0c
                0x0000000020000444                _sbss = .
                0x0000000020000444                __bss_start__ = _sbss
 *(.bss)
 *(.bss*)
 .bss.completed.1
                0x0000000020000444        0x1 /Users/dborn/Library/Application Support/Code/User/globalStorage/bmd.stm32-for-vscode/@xpack-dev-tools/arm-none-eabi-gcc/10.2.1-1.1.2/.content/bin/../lib/gcc/arm-none-eabi/10.2.1/thumb/v7-m/nofp/crtbegin.o
 *fill*         0x0000000020000445        0x3 
 .bss.object.0  0x0000000020000448       0x18 /Users/dborn/Library/Application Support/Code/User/globalStorage/bmd.stm32-for-vscode/@xpack-dev-tools/arm-none-eabi-gcc/10.2.1-1.1.2/.content/bin/../lib/gcc/arm-none-eabi/10.2.1/thumb/v7-m/nofp/crtbegin.o
 .bss.xIdleStack
                0x0000000020000460      0x200 build/freertos.o
 .bss.xIdleTaskTCBBuffer
                0x0000000020000660       0x54 build/freertos.o
 .bss.TaskButtonHandle
                0x00000000200006b4        0x4 build/main.o
                0x00000000200006b4                TaskButtonHandle
 .bss.defaultTaskHandle
                0x00000000200006b8        0x4 build/main.o
                0x00000000200006b8                defaultTaskHandle
 .bss.htim1     0x00000000200006bc       0x48 build/stm32f1xx_hal_timebase_tim.o
                0x00000000200006bc                htim1
 .bss.uwTick    0x0000000020000704        0x4 build/stm32f1xx_hal.o
                0x0000000020000704                uwTick
 .bss.ucMaxSysCallPriority
                0x0000000020000708        0x1 build/port.o
 *fill*         0x0000000020000709        0x3 
 .bss.ulMaxPRIGROUPValue
                0x000000002000070c        0x4 build/port.o
 .bss.pxEnd     0x0000000020000710        0x4 build/heap_4.o
 .bss.ucHeap    0x0000000020000714     0x1000 build/heap_4.o
 .bss.xBlockAllocatedBit
                0x0000000020001714        0x4 build/heap_4.o
 .bss.xFreeBytesRemaining
                0x0000000020001718        0x4 build/heap_4.o
 .bss.xMinimumEverFreeBytesRemaining
                0x000000002000171c        0x4 build/heap_4.o
 .bss.xStart    0x0000000020001720        0x8 build/heap_4.o
 .bss.pxCurrentTCB
                0x0000000020001728        0x4 build/tasks.o
                0x0000000020001728                pxCurrentTCB
 .bss.pxDelayedTaskList
                0x000000002000172c        0x4 build/tasks.o
 .bss.pxOverflowDelayedTaskList
                0x0000000020001730        0x4 build/tasks.o
 .bss.pxReadyTasksLists
                0x0000000020001734       0x8c build/tasks.o
 .bss.uxCurrentNumberOfTasks
                0x00000000200017c0        0x4 build/tasks.o
 .bss.uxDeletedTasksWaitingCleanUp
                0x00000000200017c4        0x4 build/tasks.o
 .bss.uxPendedTicks
                0x00000000200017c8        0x4 build/tasks.o
 .bss.uxSchedulerSuspended
                0x00000000200017cc        0x4 build/tasks.o
 .bss.uxTaskNumber
                0x00000000200017d0        0x4 build/tasks.o
 .bss.uxTopReadyPriority
                0x00000000200017d4        0x4 build/tasks.o
 .bss.xDelayedTaskList1
                0x00000000200017d8       0x14 build/tasks.o
 .bss.xDelayedTaskList2
                0x00000000200017ec       0x14 build/tasks.o
 .bss.xIdleTaskHandle
                0x0000000020001800        0x4 build/tasks.o
 .bss.xNextTaskUnblockTime
                0x0000000020001804        0x4 build/tasks.o
 .bss.xNumOfOverflows
                0x0000000020001808        0x4 build/tasks.o
 .bss.xPendingReadyList
                0x000000002000180c       0x14 build/tasks.o
 .bss.xSchedulerRunning
                0x0000000020001820        0x4 build/tasks.o
 .bss.xSuspendedTaskList
                0x0000000020001824       0x14 build/tasks.o
 .bss.xTasksWaitingTermination
                0x0000000020001838       0x14 build/tasks.o
 .bss.xTickCount
                0x000000002000184c        0x4 build/tasks.o
 .bss.xYieldPending
                0x0000000020001850        0x4 build/tasks.o
 .bss.__lock___atexit_recursive_mutex
                0x0000000020001854        0x1 /Users/dborn/Library/Application Support/Code/User/globalStorage/bmd.stm32-for-vscode/@xpack-dev-tools/arm-none-eabi-gcc/10.2.1-1.1.2/.content/bin/../lib/gcc/arm-none-eabi/10.2.1/../../../../arm-none-eabi/lib/thumb/v7-m/nofp/libc.a(lib_a-lock.o)
                0x0000000020001854                __lock___atexit_recursive_mutex
 *fill*         0x0000000020001855        0x3 
 .bss.errno     0x0000000020001858        0x4 /Users/dborn/Library/Application Support/Code/User/globalStorage/bmd.stm32-for-vscode/@xpack-dev-tools/arm-none-eabi-gcc/10.2.1-1.1.2/.content/bin/../lib/gcc/arm-none-eabi/10.2.1/../../../../arm-none-eabi/lib/thumb/v7-m/nofp/libc.a(lib_a-reent.o)
                0x0000000020001858                errno
 *(COMMON)
                0x000000002000185c                . = ALIGN (0x4)
                0x000000002000185c                _ebss = .
                0x000000002000185c                __bss_end__ = _ebss

._user_heap_stack
                0x000000002000185c      0x604 load address 0x0000000008003b0c
                0x0000000020001860                . = ALIGN (0x8)
 *fill*         0x000000002000185c        0x4 
                0x0000000020001860                PROVIDE (end = .)
                [!provide]                        PROVIDE (_end = .)
                0x0000000020001a60                . = (. + _Min_Heap_Size)
 *fill*         0x0000000020001860      0x200 
                0x0000000020001e60                . = (. + _Min_Stack_Size)
 *fill*         0x0000000020001a60      0x400 
                0x0000000020001e60                . = ALIGN (0x8)

/DISCARD/
 libc.a(*)
 libm.a(*)
 libgcc.a(*)

.ARM.attributes
                0x0000000000000000       0x29
 *(.ARM.attributes)
 .ARM.attributes
                0x0000000000000000       0x1d /Users/dborn/Library/Application Support/Code/User/globalStorage/bmd.stm32-for-vscode/@xpack-dev-tools/arm-none-eabi-gcc/10.2.1-1.1.2/.content/bin/../lib/gcc/arm-none-eabi/10.2.1/thumb/v7-m/nofp/crti.o
 .ARM.attributes
                0x000000000000001d       0x2d /Users/dborn/Library/Application Support/Code/User/globalStorage/bmd.stm32-for-vscode/@xpack-dev-tools/arm-none-eabi-gcc/10.2.1-1.1.2/.content/bin/../lib/gcc/arm-none-eabi/10.2.1/thumb/v7-m/nofp/crtbegin.o
 .ARM.attributes
                0x000000000000004a       0x2d build/freertos.o
 .ARM.attributes
                0x0000000000000077       0x2d build/main.o
 .ARM.attributes
                0x00000000000000a4       0x2d build/stm32f1xx_hal_msp.o
 .ARM.attributes
                0x00000000000000d1       0x2d build/stm32f1xx_hal_timebase_tim.o
 .ARM.attributes
                0x00000000000000fe       0x2d build/stm32f1xx_it.o
 .ARM.attributes
                0x000000000000012b       0x2d build/system_stm32f1xx.o
 .ARM.attributes
                0x0000000000000158       0x2d build/stm32f1xx_hal.o
 .ARM.attributes
                0x0000000000000185       0x2d build/stm32f1xx_hal_cortex.o
 .ARM.attributes
                0x00000000000001b2       0x2d build/stm32f1xx_hal_gpio.o
 .ARM.attributes
                0x00000000000001df       0x2d build/stm32f1xx_hal_rcc.o
 .ARM.attributes
                0x000000000000020c       0x2d build/stm32f1xx_hal_tim.o
 .ARM.attributes
                0x0000000000000239       0x2d build/stm32f1xx_hal_tim_ex.o
 .ARM.attributes
                0x0000000000000266       0x2d build/cmsis_os.o
 .ARM.attributes
                0x0000000000000293       0x2d build/list.o
 .ARM.attributes
                0x00000000000002c0       0x2d build/port.o
 .ARM.attributes
                0x00000000000002ed       0x2d build/heap_4.o
 .ARM.attributes
                0x000000000000031a       0x2d build/tasks.o
 .ARM.attributes
                0x0000000000000347       0x21 build/startup_stm32f107xc.o
 .ARM.attributes
                0x0000000000000368       0x2d /Users/dborn/Library/Application Support/Code/User/globalStorage/bmd.stm32-for-vscode/@xpack-dev-tools/arm-none-eabi-gcc/10.2.1-1.1.2/.content/bin/../lib/gcc/arm-none-eabi/10.2.1/../../../../arm-none-eabi/lib/thumb/v7-m/nofp/libc.a(lib_a-impure.o)
 .ARM.attributes
                0x0000000000000395       0x2d /Users/dborn/Library/Application Support/Code/User/globalStorage/bmd.stm32-for-vscode/@xpack-dev-tools/arm-none-eabi-gcc/10.2.1-1.1.2/.content/bin/../lib/gcc/arm-none-eabi/10.2.1/../../../../arm-none-eabi/lib/thumb/v7-m/nofp/libc.a(lib_a-init.o)
 .ARM.attributes
                0x00000000000003c2       0x1b /Users/dborn/Library/Application Support/Code/User/globalStorage/bmd.stm32-for-vscode/@xpack-dev-tools/arm-none-eabi-gcc/10.2.1-1.1.2/.content/bin/../lib/gcc/arm-none-eabi/10.2.1/../../../../arm-none-eabi/lib/thumb/v7-m/nofp/libc.a(lib_a-memcpy.o)
 .ARM.attributes
                0x00000000000003dd       0x2d /Users/dborn/Library/Application Support/Code/User/globalStorage/bmd.stm32-for-vscode/@xpack-dev-tools/arm-none-eabi-gcc/10.2.1-1.1.2/.content/bin/../lib/gcc/arm-none-eabi/10.2.1/../../../../arm-none-eabi/lib/thumb/v7-m/nofp/libc.a(lib_a-memset.o)
 .ARM.attributes
                0x000000000000040a       0x2d /Users/dborn/Library/Application Support/Code/User/globalStorage/bmd.stm32-for-vscode/@xpack-dev-tools/arm-none-eabi-gcc/10.2.1-1.1.2/.content/bin/../lib/gcc/arm-none-eabi/10.2.1/../../../../arm-none-eabi/lib/thumb/v7-m/nofp/libc.a(lib_a-__call_atexit.o)
 .ARM.attributes
                0x0000000000000437       0x2d /Users/dborn/Library/Application Support/Code/User/globalStorage/bmd.stm32-for-vscode/@xpack-dev-tools/arm-none-eabi-gcc/10.2.1-1.1.2/.content/bin/../lib/gcc/arm-none-eabi/10.2.1/../../../../arm-none-eabi/lib/thumb/v7-m/nofp/libc.a(lib_a-atexit.o)
 .ARM.attributes
                0x0000000000000464       0x2d /Users/dborn/Library/Application Support/Code/User/globalStorage/bmd.stm32-for-vscode/@xpack-dev-tools/arm-none-eabi-gcc/10.2.1-1.1.2/.content/bin/../lib/gcc/arm-none-eabi/10.2.1/../../../../arm-none-eabi/lib/thumb/v7-m/nofp/libc.a(lib_a-fini.o)
 .ARM.attributes
                0x0000000000000491       0x2d /Users/dborn/Library/Application Support/Code/User/globalStorage/bmd.stm32-for-vscode/@xpack-dev-tools/arm-none-eabi-gcc/10.2.1-1.1.2/.content/bin/../lib/gcc/arm-none-eabi/10.2.1/../../../../arm-none-eabi/lib/thumb/v7-m/nofp/libc.a(lib_a-lock.o)
 .ARM.attributes
                0x00000000000004be       0x2d /Users/dborn/Library/Application Support/Code/User/globalStorage/bmd.stm32-for-vscode/@xpack-dev-tools/arm-none-eabi-gcc/10.2.1-1.1.2/.content/bin/../lib/gcc/arm-none-eabi/10.2.1/../../../../arm-none-eabi/lib/thumb/v7-m/nofp/libc.a(lib_a-__atexit.o)
 .ARM.attributes
                0x00000000000004eb       0x2d /Users/dborn/Library/Application Support/Code/User/globalStorage/bmd.stm32-for-vscode/@xpack-dev-tools/arm-none-eabi-gcc/10.2.1-1.1.2/.content/bin/../lib/gcc/arm-none-eabi/10.2.1/../../../../arm-none-eabi/lib/thumb/v7-m/nofp/libnosys.a(_exit.o)
 .ARM.attributes
                0x0000000000000518       0x1d /Users/dborn/Library/Application Support/Code/User/globalStorage/bmd.stm32-for-vscode/@xpack-dev-tools/arm-none-eabi-gcc/10.2.1-1.1.2/.content/bin/../lib/gcc/arm-none-eabi/10.2.1/thumb/v7-m/nofp/libgcc.a(_aeabi_uldivmod.o)
 .ARM.attributes
                0x0000000000000535       0x2d /Users/dborn/Library/Application Support/Code/User/globalStorage/bmd.stm32-for-vscode/@xpack-dev-tools/arm-none-eabi-gcc/10.2.1-1.1.2/.content/bin/../lib/gcc/arm-none-eabi/10.2.1/thumb/v7-m/nofp/libgcc.a(_udivmoddi4.o)
 .ARM.attributes
                0x0000000000000562       0x2d /Users/dborn/Library/Application Support/Code/User/globalStorage/bmd.stm32-for-vscode/@xpack-dev-tools/arm-none-eabi-gcc/10.2.1-1.1.2/.content/bin/../lib/gcc/arm-none-eabi/10.2.1/thumb/v7-m/nofp/libgcc.a(unwind-arm.o)
 .ARM.attributes
                0x000000000000058f       0x1d /Users/dborn/Library/Application Support/Code/User/globalStorage/bmd.stm32-for-vscode/@xpack-dev-tools/arm-none-eabi-gcc/10.2.1-1.1.2/.content/bin/../lib/gcc/arm-none-eabi/10.2.1/thumb/v7-m/nofp/libgcc.a(libunwind.o)
 .ARM.attributes
                0x00000000000005ac       0x2d /Users/dborn/Library/Application Support/Code/User/globalStorage/bmd.stm32-for-vscode/@xpack-dev-tools/arm-none-eabi-gcc/10.2.1-1.1.2/.content/bin/../lib/gcc/arm-none-eabi/10.2.1/thumb/v7-m/nofp/libgcc.a(pr-support.o)
 .ARM.attributes
                0x00000000000005d9       0x1d /Users/dborn/Library/Application Support/Code/User/globalStorage/bmd.stm32-for-vscode/@xpack-dev-tools/arm-none-eabi-gcc/10.2.1-1.1.2/.content/bin/../lib/gcc/arm-none-eabi/10.2.1/thumb/v7-m/nofp/libgcc.a(_dvmd_tls.o)
 .ARM.attributes
                0x00000000000005f6       0x2d /Users/dborn/Library/Application Support/Code/User/globalStorage/bmd.stm32-for-vscode/@xpack-dev-tools/arm-none-eabi-gcc/10.2.1-1.1.2/.content/bin/../lib/gcc/arm-none-eabi/10.2.1/../../../../arm-none-eabi/lib/thumb/v7-m/nofp/libc.a(lib_a-abort.o)
 .ARM.attributes
                0x0000000000000623       0x2d /Users/dborn/Library/Application Support/Code/User/globalStorage/bmd.stm32-for-vscode/@xpack-dev-tools/arm-none-eabi-gcc/10.2.1-1.1.2/.content/bin/../lib/gcc/arm-none-eabi/10.2.1/../../../../arm-none-eabi/lib/thumb/v7-m/nofp/libc.a(lib_a-signal.o)
 .ARM.attributes
                0x0000000000000650       0x2d /Users/dborn/Library/Application Support/Code/User/globalStorage/bmd.stm32-for-vscode/@xpack-dev-tools/arm-none-eabi-gcc/10.2.1-1.1.2/.content/bin/../lib/gcc/arm-none-eabi/10.2.1/../../../../arm-none-eabi/lib/thumb/v7-m/nofp/libc.a(lib_a-signalr.o)
 .ARM.attributes
                0x000000000000067d       0x2d /Users/dborn/Library/Application Support/Code/User/globalStorage/bmd.stm32-for-vscode/@xpack-dev-tools/arm-none-eabi-gcc/10.2.1-1.1.2/.content/bin/../lib/gcc/arm-none-eabi/10.2.1/../../../../arm-none-eabi/lib/thumb/v7-m/nofp/libc.a(lib_a-reent.o)
 .ARM.attributes
                0x00000000000006aa       0x2d /Users/dborn/Library/Application Support/Code/User/globalStorage/bmd.stm32-for-vscode/@xpack-dev-tools/arm-none-eabi-gcc/10.2.1-1.1.2/.content/bin/../lib/gcc/arm-none-eabi/10.2.1/../../../../arm-none-eabi/lib/thumb/v7-m/nofp/libnosys.a(getpid.o)
 .ARM.attributes
                0x00000000000006d7       0x2d /Users/dborn/Library/Application Support/Code/User/globalStorage/bmd.stm32-for-vscode/@xpack-dev-tools/arm-none-eabi-gcc/10.2.1-1.1.2/.content/bin/../lib/gcc/arm-none-eabi/10.2.1/../../../../arm-none-eabi/lib/thumb/v7-m/nofp/libnosys.a(kill.o)
 .ARM.attributes
                0x0000000000000704       0x1d /Users/dborn/Library/Application Support/Code/User/globalStorage/bmd.stm32-for-vscode/@xpack-dev-tools/arm-none-eabi-gcc/10.2.1-1.1.2/.content/bin/../lib/gcc/arm-none-eabi/10.2.1/thumb/v7-m/nofp/crtn.o
OUTPUT(build/Test.elf elf32-littlearm)
LOAD linker stubs
LOAD /Users/dborn/Library/Application Support/Code/User/globalStorage/bmd.stm32-for-vscode/@xpack-dev-tools/arm-none-eabi-gcc/10.2.1-1.1.2/.content/bin/../lib/gcc/arm-none-eabi/10.2.1/../../../../arm-none-eabi/lib/thumb/v7-m/nofp/libc.a
LOAD /Users/dborn/Library/Application Support/Code/User/globalStorage/bmd.stm32-for-vscode/@xpack-dev-tools/arm-none-eabi-gcc/10.2.1-1.1.2/.content/bin/../lib/gcc/arm-none-eabi/10.2.1/../../../../arm-none-eabi/lib/thumb/v7-m/nofp/libm.a
LOAD /Users/dborn/Library/Application Support/Code/User/globalStorage/bmd.stm32-for-vscode/@xpack-dev-tools/arm-none-eabi-gcc/10.2.1-1.1.2/.content/bin/../lib/gcc/arm-none-eabi/10.2.1/thumb/v7-m/nofp/libgcc.a

.debug_info     0x0000000000000000    0x10deb
 .debug_info    0x0000000000000000      0x2ab build/freertos.o
 .debug_info    0x00000000000002ab     0x11d8 build/main.o
 .debug_info    0x0000000000001483      0x43c build/stm32f1xx_hal_msp.o
 .debug_info    0x00000000000018bf      0xb50 build/stm32f1xx_hal_timebase_tim.o
 .debug_info    0x000000000000240f      0x749 build/stm32f1xx_it.o
 .debug_info    0x0000000000002b58      0x2c3 build/system_stm32f1xx.o
 .debug_info    0x0000000000002e1b      0x8e1 build/stm32f1xx_hal.o
 .debug_info    0x00000000000036fc      0xe99 build/stm32f1xx_hal_cortex.o
 .debug_info    0x0000000000004595      0x6f7 build/stm32f1xx_hal_gpio.o
 .debug_info    0x0000000000004c8c      0xc1e build/stm32f1xx_hal_rcc.o
 .debug_info    0x00000000000058aa     0x3df8 build/stm32f1xx_hal_tim.o
 .debug_info    0x00000000000096a2     0x1b67 build/stm32f1xx_hal_tim_ex.o
 .debug_info    0x000000000000b209     0x2419 build/cmsis_os.o
 .debug_info    0x000000000000d622      0x309 build/list.o
 .debug_info    0x000000000000d92b      0x569 build/port.o
 .debug_info    0x000000000000de94      0x49b build/heap_4.o
 .debug_info    0x000000000000e32f     0x2a9a build/tasks.o
 .debug_info    0x0000000000010dc9       0x22 build/startup_stm32f107xc.o

.debug_abbrev   0x0000000000000000     0x25a3
 .debug_abbrev  0x0000000000000000       0xcc build/freertos.o
 .debug_abbrev  0x00000000000000cc      0x2d2 build/main.o
 .debug_abbrev  0x000000000000039e      0x130 build/stm32f1xx_hal_msp.o
 .debug_abbrev  0x00000000000004ce      0x1ef build/stm32f1xx_hal_timebase_tim.o
 .debug_abbrev  0x00000000000006bd      0x17c build/stm32f1xx_it.o
 .debug_abbrev  0x0000000000000839      0x11b build/system_stm32f1xx.o
 .debug_abbrev  0x0000000000000954      0x1f7 build/stm32f1xx_hal.o
 .debug_abbrev  0x0000000000000b4b      0x359 build/stm32f1xx_hal_cortex.o
 .debug_abbrev  0x0000000000000ea4      0x222 build/stm32f1xx_hal_gpio.o
 .debug_abbrev  0x00000000000010c6      0x2a8 build/stm32f1xx_hal_rcc.o
 .debug_abbrev  0x000000000000136e      0x296 build/stm32f1xx_hal_tim.o
 .debug_abbrev  0x0000000000001604      0x298 build/stm32f1xx_hal_tim_ex.o
 .debug_abbrev  0x000000000000189c      0x374 build/cmsis_os.o
 .debug_abbrev  0x0000000000001c10      0x124 build/list.o
 .debug_abbrev  0x0000000000001d34      0x29d build/port.o
 .debug_abbrev  0x0000000000001fd1      0x255 build/heap_4.o
 .debug_abbrev  0x0000000000002226      0x36b build/tasks.o
 .debug_abbrev  0x0000000000002591       0x12 build/startup_stm32f107xc.o

.debug_aranges  0x0000000000000000      0xd88
 .debug_aranges
                0x0000000000000000       0x20 build/freertos.o
 .debug_aranges
                0x0000000000000020       0x58 build/main.o
 .debug_aranges
                0x0000000000000078       0x20 build/stm32f1xx_hal_msp.o
 .debug_aranges
                0x0000000000000098       0x30 build/stm32f1xx_hal_timebase_tim.o
 .debug_aranges
                0x00000000000000c8       0x50 build/stm32f1xx_it.o
 .debug_aranges
                0x0000000000000118       0x28 build/system_stm32f1xx.o
 .debug_aranges
                0x0000000000000140       0xe0 build/stm32f1xx_hal.o
 .debug_aranges
                0x0000000000000220       0x90 build/stm32f1xx_hal_cortex.o
 .debug_aranges
                0x00000000000002b0       0x58 build/stm32f1xx_hal_gpio.o
 .debug_aranges
                0x0000000000000308       0x90 build/stm32f1xx_hal_rcc.o
 .debug_aranges
                0x0000000000000398      0x3d0 build/stm32f1xx_hal_tim.o
 .debug_aranges
                0x0000000000000768      0x168 build/stm32f1xx_hal_tim_ex.o
 .debug_aranges
                0x00000000000008d0      0x1d8 build/cmsis_os.o
 .debug_aranges
                0x0000000000000aa8       0x40 build/list.o
 .debug_aranges
                0x0000000000000ae8       0x78 build/port.o
 .debug_aranges
                0x0000000000000b60       0x50 build/heap_4.o
 .debug_aranges
                0x0000000000000bb0      0x1b0 build/tasks.o
 .debug_aranges
                0x0000000000000d60       0x28 build/startup_stm32f107xc.o

.debug_ranges   0x0000000000000000      0xdd8
 .debug_ranges  0x0000000000000000       0x10 build/freertos.o
 .debug_ranges  0x0000000000000010       0x48 build/main.o
 .debug_ranges  0x0000000000000058       0x10 build/stm32f1xx_hal_msp.o
 .debug_ranges  0x0000000000000068       0x20 build/stm32f1xx_hal_timebase_tim.o
 .debug_ranges  0x0000000000000088       0x40 build/stm32f1xx_it.o
 .debug_ranges  0x00000000000000c8       0x18 build/system_stm32f1xx.o
 .debug_ranges  0x00000000000000e0       0xd0 build/stm32f1xx_hal.o
 .debug_ranges  0x00000000000001b0       0xe0 build/stm32f1xx_hal_cortex.o
 .debug_ranges  0x0000000000000290       0x48 build/stm32f1xx_hal_gpio.o
 .debug_ranges  0x00000000000002d8       0xa0 build/stm32f1xx_hal_rcc.o
 .debug_ranges  0x0000000000000378      0x3c0 build/stm32f1xx_hal_tim.o
 .debug_ranges  0x0000000000000738      0x158 build/stm32f1xx_hal_tim_ex.o
 .debug_ranges  0x0000000000000890      0x1c8 build/cmsis_os.o
 .debug_ranges  0x0000000000000a58       0x30 build/list.o
 .debug_ranges  0x0000000000000a88       0x68 build/port.o
 .debug_ranges  0x0000000000000af0       0x40 build/heap_4.o
 .debug_ranges  0x0000000000000b30      0x288 build/tasks.o
 .debug_ranges  0x0000000000000db8       0x20 build/startup_stm32f107xc.o

.debug_line     0x0000000000000000     0xe42c
 .debug_line    0x0000000000000000      0x260 build/freertos.o
 .debug_line    0x0000000000000260      0x5f6 build/main.o
 .debug_line    0x0000000000000856      0x255 build/stm32f1xx_hal_msp.o
 .debug_line    0x0000000000000aab      0x33a build/stm32f1xx_hal_timebase_tim.o
 .debug_line    0x0000000000000de5      0x335 build/stm32f1xx_it.o
 .debug_line    0x000000000000111a      0x324 build/system_stm32f1xx.o
 .debug_line    0x000000000000143e      0x5cc build/stm32f1xx_hal.o
 .debug_line    0x0000000000001a0a      0x6d5 build/stm32f1xx_hal_cortex.o
 .debug_line    0x00000000000020df      0x67f build/stm32f1xx_hal_gpio.o
 .debug_line    0x000000000000275e      0xe81 build/stm32f1xx_hal_rcc.o
 .debug_line    0x00000000000035df     0x474d build/stm32f1xx_hal_tim.o
 .debug_line    0x0000000000007d2c     0x1c30 build/stm32f1xx_hal_tim_ex.o
 .debug_line    0x000000000000995c     0x1252 build/cmsis_os.o
 .debug_line    0x000000000000abae      0x410 build/list.o
 .debug_line    0x000000000000afbe      0x6c1 build/port.o
 .debug_line    0x000000000000b67f      0x768 build/heap_4.o
 .debug_line    0x000000000000bde7     0x25d0 build/tasks.o
 .debug_line    0x000000000000e3b7       0x75 build/startup_stm32f107xc.o

.debug_str      0x0000000000000000     0x49e5
 .debug_str     0x0000000000000000      0x261 build/freertos.o
                                        0x2cf (size before relaxing)
 .debug_str     0x0000000000000261      0x983 build/main.o
                                        0xc35 (size before relaxing)
 .debug_str     0x0000000000000be4      0x42c build/stm32f1xx_hal_msp.o
                                        0x5cf (size before relaxing)
 .debug_str     0x0000000000001010      0x10e build/stm32f1xx_hal_timebase_tim.o
                                        0xbb6 (size before relaxing)
 .debug_str     0x000000000000111e       0xa3 build/stm32f1xx_it.o
                                        0x6ac (size before relaxing)
 .debug_str     0x00000000000011c1       0xae build/system_stm32f1xx.o
                                        0x25c (size before relaxing)
 .debug_str     0x000000000000126f      0x2c0 build/stm32f1xx_hal.o
                                        0x8ea (size before relaxing)
 .debug_str     0x000000000000152f      0x3a6 build/stm32f1xx_hal_cortex.o
                                        0x98b (size before relaxing)
 .debug_str     0x00000000000018d5       0xf5 build/stm32f1xx_hal_gpio.o
                                        0x3db (size before relaxing)
 .debug_str     0x00000000000019ca      0x1d8 build/stm32f1xx_hal_rcc.o
                                        0x684 (size before relaxing)
 .debug_str     0x0000000000001ba2      0xed1 build/stm32f1xx_hal_tim.o
                                       0x1605 (size before relaxing)
 .debug_str     0x0000000000002a73      0x591 build/stm32f1xx_hal_tim_ex.o
                                        0xe06 (size before relaxing)
 .debug_str     0x0000000000003004      0xb81 build/cmsis_os.o
                                        0xfd3 (size before relaxing)
 .debug_str     0x0000000000003b85      0x136 build/list.o
                                        0x2c2 (size before relaxing)
 .debug_str     0x0000000000003cbb      0x21a build/port.o
                                        0x42e (size before relaxing)
 .debug_str     0x0000000000003ed5      0x1e5 build/heap_4.o
                                        0x3ab (size before relaxing)
 .debug_str     0x00000000000040ba      0x907 build/tasks.o
                                        0xfd5 (size before relaxing)
 .debug_str     0x00000000000049c1       0x24 build/startup_stm32f107xc.o
                                         0x40 (size before relaxing)

.comment        0x0000000000000000       0x44
 .comment       0x0000000000000000       0x44 build/freertos.o
                                         0x45 (size before relaxing)
 .comment       0x0000000000000044       0x45 build/main.o
 .comment       0x0000000000000044       0x45 build/stm32f1xx_hal_msp.o
 .comment       0x0000000000000044       0x45 build/stm32f1xx_hal_timebase_tim.o
 .comment       0x0000000000000044       0x45 build/stm32f1xx_it.o
 .comment       0x0000000000000044       0x45 build/system_stm32f1xx.o
 .comment       0x0000000000000044       0x45 build/stm32f1xx_hal.o
 .comment       0x0000000000000044       0x45 build/stm32f1xx_hal_cortex.o
 .comment       0x0000000000000044       0x45 build/stm32f1xx_hal_gpio.o
 .comment       0x0000000000000044       0x45 build/stm32f1xx_hal_rcc.o
 .comment       0x0000000000000044       0x45 build/stm32f1xx_hal_tim.o
 .comment       0x0000000000000044       0x45 build/stm32f1xx_hal_tim_ex.o
 .comment       0x0000000000000044       0x45 build/cmsis_os.o
 .comment       0x0000000000000044       0x45 build/list.o
 .comment       0x0000000000000044       0x45 build/port.o
 .comment       0x0000000000000044       0x45 build/heap_4.o
 .comment       0x0000000000000044       0x45 build/tasks.o

.debug_frame    0x0000000000000000     0x2c34
 .debug_frame   0x0000000000000000       0x20 build/freertos.o
 .debug_frame   0x0000000000000020       0xdc build/main.o
 .debug_frame   0x00000000000000fc       0x2c build/stm32f1xx_hal_msp.o
 .debug_frame   0x0000000000000128       0x50 build/stm32f1xx_hal_timebase_tim.o
 .debug_frame   0x0000000000000178       0x88 build/stm32f1xx_it.o
 .debug_frame   0x0000000000000200       0x30 build/system_stm32f1xx.o
 .debug_frame   0x0000000000000230      0x1cc build/stm32f1xx_hal.o
 .debug_frame   0x00000000000003fc      0x118 build/stm32f1xx_hal_cortex.o
 .debug_frame   0x0000000000000514       0xe4 build/stm32f1xx_hal_gpio.o
 .debug_frame   0x00000000000005f8      0x194 build/stm32f1xx_hal_rcc.o
 .debug_frame   0x000000000000078c      0xb18 build/stm32f1xx_hal_tim.o
 .debug_frame   0x00000000000012a4      0x40c build/stm32f1xx_hal_tim_ex.o
 .debug_frame   0x00000000000016b0      0x594 build/cmsis_os.o
 .debug_frame   0x0000000000001c44       0x70 build/list.o
 .debug_frame   0x0000000000001cb4       0xf0 build/port.o
 .debug_frame   0x0000000000001da4       0xb0 build/heap_4.o
 .debug_frame   0x0000000000001e54      0x584 build/tasks.o
 .debug_frame   0x00000000000023d8       0x2c /Users/dborn/Library/Application Support/Code/User/globalStorage/bmd.stm32-for-vscode/@xpack-dev-tools/arm-none-eabi-gcc/10.2.1-1.1.2/.content/bin/../lib/gcc/arm-none-eabi/10.2.1/../../../../arm-none-eabi/lib/thumb/v7-m/nofp/libc.a(lib_a-init.o)
 .debug_frame   0x0000000000002404       0x2c /Users/dborn/Library/Application Support/Code/User/globalStorage/bmd.stm32-for-vscode/@xpack-dev-tools/arm-none-eabi-gcc/10.2.1-1.1.2/.content/bin/../lib/gcc/arm-none-eabi/10.2.1/../../../../arm-none-eabi/lib/thumb/v7-m/nofp/libc.a(lib_a-memset.o)
 .debug_frame   0x0000000000002430       0x5c /Users/dborn/Library/Application Support/Code/User/globalStorage/bmd.stm32-for-vscode/@xpack-dev-tools/arm-none-eabi-gcc/10.2.1-1.1.2/.content/bin/../lib/gcc/arm-none-eabi/10.2.1/../../../../arm-none-eabi/lib/thumb/v7-m/nofp/libc.a(lib_a-__call_atexit.o)
 .debug_frame   0x000000000000248c       0x20 /Users/dborn/Library/Application Support/Code/User/globalStorage/bmd.stm32-for-vscode/@xpack-dev-tools/arm-none-eabi-gcc/10.2.1-1.1.2/.content/bin/../lib/gcc/arm-none-eabi/10.2.1/../../../../arm-none-eabi/lib/thumb/v7-m/nofp/libc.a(lib_a-atexit.o)
 .debug_frame   0x00000000000024ac       0x34 /Users/dborn/Library/Application Support/Code/User/globalStorage/bmd.stm32-for-vscode/@xpack-dev-tools/arm-none-eabi-gcc/10.2.1-1.1.2/.content/bin/../lib/gcc/arm-none-eabi/10.2.1/../../../../arm-none-eabi/lib/thumb/v7-m/nofp/libc.a(lib_a-fini.o)
 .debug_frame   0x00000000000024e0       0xb0 /Users/dborn/Library/Application Support/Code/User/globalStorage/bmd.stm32-for-vscode/@xpack-dev-tools/arm-none-eabi-gcc/10.2.1-1.1.2/.content/bin/../lib/gcc/arm-none-eabi/10.2.1/../../../../arm-none-eabi/lib/thumb/v7-m/nofp/libc.a(lib_a-lock.o)
 .debug_frame   0x0000000000002590       0x34 /Users/dborn/Library/Application Support/Code/User/globalStorage/bmd.stm32-for-vscode/@xpack-dev-tools/arm-none-eabi-gcc/10.2.1-1.1.2/.content/bin/../lib/gcc/arm-none-eabi/10.2.1/../../../../arm-none-eabi/lib/thumb/v7-m/nofp/libc.a(lib_a-__atexit.o)
 .debug_frame   0x00000000000025c4       0x20 /Users/dborn/Library/Application Support/Code/User/globalStorage/bmd.stm32-for-vscode/@xpack-dev-tools/arm-none-eabi-gcc/10.2.1-1.1.2/.content/bin/../lib/gcc/arm-none-eabi/10.2.1/../../../../arm-none-eabi/lib/thumb/v7-m/nofp/libnosys.a(_exit.o)
 .debug_frame   0x00000000000025e4       0x2c /Users/dborn/Library/Application Support/Code/User/globalStorage/bmd.stm32-for-vscode/@xpack-dev-tools/arm-none-eabi-gcc/10.2.1-1.1.2/.content/bin/../lib/gcc/arm-none-eabi/10.2.1/thumb/v7-m/nofp/libgcc.a(_aeabi_uldivmod.o)
 .debug_frame   0x0000000000002610       0x34 /Users/dborn/Library/Application Support/Code/User/globalStorage/bmd.stm32-for-vscode/@xpack-dev-tools/arm-none-eabi-gcc/10.2.1-1.1.2/.content/bin/../lib/gcc/arm-none-eabi/10.2.1/thumb/v7-m/nofp/libgcc.a(_udivmoddi4.o)
 .debug_frame   0x0000000000002644      0x2e0 /Users/dborn/Library/Application Support/Code/User/globalStorage/bmd.stm32-for-vscode/@xpack-dev-tools/arm-none-eabi-gcc/10.2.1-1.1.2/.content/bin/../lib/gcc/arm-none-eabi/10.2.1/thumb/v7-m/nofp/libgcc.a(unwind-arm.o)
 .debug_frame   0x0000000000002924       0xf4 /Users/dborn/Library/Application Support/Code/User/globalStorage/bmd.stm32-for-vscode/@xpack-dev-tools/arm-none-eabi-gcc/10.2.1-1.1.2/.content/bin/../lib/gcc/arm-none-eabi/10.2.1/thumb/v7-m/nofp/libgcc.a(pr-support.o)
 .debug_frame   0x0000000000002a18       0x28 /Users/dborn/Library/Application Support/Code/User/globalStorage/bmd.stm32-for-vscode/@xpack-dev-tools/arm-none-eabi-gcc/10.2.1-1.1.2/.content/bin/../lib/gcc/arm-none-eabi/10.2.1/../../../../arm-none-eabi/lib/thumb/v7-m/nofp/libc.a(lib_a-abort.o)
 .debug_frame   0x0000000000002a40      0x114 /Users/dborn/Library/Application Support/Code/User/globalStorage/bmd.stm32-for-vscode/@xpack-dev-tools/arm-none-eabi-gcc/10.2.1-1.1.2/.content/bin/../lib/gcc/arm-none-eabi/10.2.1/../../../../arm-none-eabi/lib/thumb/v7-m/nofp/libc.a(lib_a-signal.o)
 .debug_frame   0x0000000000002b54       0x3c /Users/dborn/Library/Application Support/Code/User/globalStorage/bmd.stm32-for-vscode/@xpack-dev-tools/arm-none-eabi-gcc/10.2.1-1.1.2/.content/bin/../lib/gcc/arm-none-eabi/10.2.1/../../../../arm-none-eabi/lib/thumb/v7-m/nofp/libc.a(lib_a-signalr.o)
 .debug_frame   0x0000000000002b90       0x64 /Users/dborn/Library/Application Support/Code/User/globalStorage/bmd.stm32-for-vscode/@xpack-dev-tools/arm-none-eabi-gcc/10.2.1-1.1.2/.content/bin/../lib/gcc/arm-none-eabi/10.2.1/../../../../arm-none-eabi/lib/thumb/v7-m/nofp/libc.a(lib_a-reent.o)
 .debug_frame   0x0000000000002bf4       0x20 /Users/dborn/Library/Application Support/Code/User/globalStorage/bmd.stm32-for-vscode/@xpack-dev-tools/arm-none-eabi-gcc/10.2.1-1.1.2/.content/bin/../lib/gcc/arm-none-eabi/10.2.1/../../../../arm-none-eabi/lib/thumb/v7-m/nofp/libnosys.a(getpid.o)
 .debug_frame   0x0000000000002c14       0x20 /Users/dborn/Library/Application Support/Code/User/globalStorage/bmd.stm32-for-vscode/@xpack-dev-tools/arm-none-eabi-gcc/10.2.1-1.1.2/.content/bin/../lib/gcc/arm-none-eabi/10.2.1/../../../../arm-none-eabi/lib/thumb/v7-m/nofp/libnosys.a(kill.o)

.debug_loc      0x0000000000000000     0xd448
 .debug_loc     0x0000000000000000      0x1fe build/main.o
 .debug_loc     0x00000000000001fe       0x4d build/stm32f1xx_hal_msp.o
 .debug_loc     0x000000000000024b       0xcd build/stm32f1xx_hal_timebase_tim.o
 .debug_loc     0x0000000000000318       0x20 build/stm32f1xx_it.o
 .debug_loc     0x0000000000000338      0x1ea build/system_stm32f1xx.o
 .debug_loc     0x0000000000000522      0x1e1 build/stm32f1xx_hal.o
 .debug_loc     0x0000000000000703      0x77f build/stm32f1xx_hal_cortex.o
 .debug_loc     0x0000000000000e82      0x551 build/stm32f1xx_hal_gpio.o
 .debug_loc     0x00000000000013d3      0x8bd build/stm32f1xx_hal_rcc.o